Archive member included to satisfy reference by file (symbol)

C:/ST/STM32CubeIDE_1.16.1/STM32CubeIDE/plugins/com.st.stm32cube.ide.mcu.externaltools.gnu-tools-for-stm32.12.3.rel1.win32_1.0.200.202406191623/tools/bin/../lib/gcc/arm-none-eabi/12.3.1/../../../../arm-none-eabi/lib/thumb/v7e-m+dp/hard\libc_nano.a(libc_a-exit.o)
                              C:/ST/STM32CubeIDE_1.16.1/STM32CubeIDE/plugins/com.st.stm32cube.ide.mcu.externaltools.gnu-tools-for-stm32.12.3.rel1.win32_1.0.200.202406191623/tools/bin/../lib/gcc/arm-none-eabi/12.3.1/../../../../arm-none-eabi/lib/thumb/v7e-m+dp/hard/crt0.o (exit)
C:/ST/STM32CubeIDE_1.16.1/STM32CubeIDE/plugins/com.st.stm32cube.ide.mcu.externaltools.gnu-tools-for-stm32.12.3.rel1.win32_1.0.200.202406191623/tools/bin/../lib/gcc/arm-none-eabi/12.3.1/../../../../arm-none-eabi/lib/thumb/v7e-m+dp/hard\libc_nano.a(libc_a-findfp.o)
                              C:/ST/STM32CubeIDE_1.16.1/STM32CubeIDE/plugins/com.st.stm32cube.ide.mcu.externaltools.gnu-tools-for-stm32.12.3.rel1.win32_1.0.200.202406191623/tools/bin/../lib/gcc/arm-none-eabi/12.3.1/../../../../arm-none-eabi/lib/thumb/v7e-m+dp/hard\libc_nano.a(libc_a-exit.o) (__stdio_exit_handler)
C:/ST/STM32CubeIDE_1.16.1/STM32CubeIDE/plugins/com.st.stm32cube.ide.mcu.externaltools.gnu-tools-for-stm32.12.3.rel1.win32_1.0.200.202406191623/tools/bin/../lib/gcc/arm-none-eabi/12.3.1/../../../../arm-none-eabi/lib/thumb/v7e-m+dp/hard\libc_nano.a(libc_a-fwalk.o)
                              C:/ST/STM32CubeIDE_1.16.1/STM32CubeIDE/plugins/com.st.stm32cube.ide.mcu.externaltools.gnu-tools-for-stm32.12.3.rel1.win32_1.0.200.202406191623/tools/bin/../lib/gcc/arm-none-eabi/12.3.1/../../../../arm-none-eabi/lib/thumb/v7e-m+dp/hard\libc_nano.a(libc_a-findfp.o) (_fwalk_sglue)
C:/ST/STM32CubeIDE_1.16.1/STM32CubeIDE/plugins/com.st.stm32cube.ide.mcu.externaltools.gnu-tools-for-stm32.12.3.rel1.win32_1.0.200.202406191623/tools/bin/../lib/gcc/arm-none-eabi/12.3.1/../../../../arm-none-eabi/lib/thumb/v7e-m+dp/hard\libc_nano.a(libc_a-stdio.o)
                              C:/ST/STM32CubeIDE_1.16.1/STM32CubeIDE/plugins/com.st.stm32cube.ide.mcu.externaltools.gnu-tools-for-stm32.12.3.rel1.win32_1.0.200.202406191623/tools/bin/../lib/gcc/arm-none-eabi/12.3.1/../../../../arm-none-eabi/lib/thumb/v7e-m+dp/hard\libc_nano.a(libc_a-findfp.o) (__sread)
C:/ST/STM32CubeIDE_1.16.1/STM32CubeIDE/plugins/com.st.stm32cube.ide.mcu.externaltools.gnu-tools-for-stm32.12.3.rel1.win32_1.0.200.202406191623/tools/bin/../lib/gcc/arm-none-eabi/12.3.1/../../../../arm-none-eabi/lib/thumb/v7e-m+dp/hard\libc_nano.a(libc_a-memset.o)
                              C:/ST/STM32CubeIDE_1.16.1/STM32CubeIDE/plugins/com.st.stm32cube.ide.mcu.externaltools.gnu-tools-for-stm32.12.3.rel1.win32_1.0.200.202406191623/tools/bin/../lib/gcc/arm-none-eabi/12.3.1/../../../../arm-none-eabi/lib/thumb/v7e-m+dp/hard/crt0.o (memset)
C:/ST/STM32CubeIDE_1.16.1/STM32CubeIDE/plugins/com.st.stm32cube.ide.mcu.externaltools.gnu-tools-for-stm32.12.3.rel1.win32_1.0.200.202406191623/tools/bin/../lib/gcc/arm-none-eabi/12.3.1/../../../../arm-none-eabi/lib/thumb/v7e-m+dp/hard\libc_nano.a(libc_a-closer.o)
                              C:/ST/STM32CubeIDE_1.16.1/STM32CubeIDE/plugins/com.st.stm32cube.ide.mcu.externaltools.gnu-tools-for-stm32.12.3.rel1.win32_1.0.200.202406191623/tools/bin/../lib/gcc/arm-none-eabi/12.3.1/../../../../arm-none-eabi/lib/thumb/v7e-m+dp/hard\libc_nano.a(libc_a-stdio.o) (_close_r)
C:/ST/STM32CubeIDE_1.16.1/STM32CubeIDE/plugins/com.st.stm32cube.ide.mcu.externaltools.gnu-tools-for-stm32.12.3.rel1.win32_1.0.200.202406191623/tools/bin/../lib/gcc/arm-none-eabi/12.3.1/../../../../arm-none-eabi/lib/thumb/v7e-m+dp/hard\libc_nano.a(libc_a-reent.o)
                              C:/ST/STM32CubeIDE_1.16.1/STM32CubeIDE/plugins/com.st.stm32cube.ide.mcu.externaltools.gnu-tools-for-stm32.12.3.rel1.win32_1.0.200.202406191623/tools/bin/../lib/gcc/arm-none-eabi/12.3.1/../../../../arm-none-eabi/lib/thumb/v7e-m+dp/hard\libc_nano.a(libc_a-closer.o) (errno)
C:/ST/STM32CubeIDE_1.16.1/STM32CubeIDE/plugins/com.st.stm32cube.ide.mcu.externaltools.gnu-tools-for-stm32.12.3.rel1.win32_1.0.200.202406191623/tools/bin/../lib/gcc/arm-none-eabi/12.3.1/../../../../arm-none-eabi/lib/thumb/v7e-m+dp/hard\libc_nano.a(libc_a-impure.o)
                              C:/ST/STM32CubeIDE_1.16.1/STM32CubeIDE/plugins/com.st.stm32cube.ide.mcu.externaltools.gnu-tools-for-stm32.12.3.rel1.win32_1.0.200.202406191623/tools/bin/../lib/gcc/arm-none-eabi/12.3.1/../../../../arm-none-eabi/lib/thumb/v7e-m+dp/hard\libc_nano.a(libc_a-reent.o) (_impure_ptr)
C:/ST/STM32CubeIDE_1.16.1/STM32CubeIDE/plugins/com.st.stm32cube.ide.mcu.externaltools.gnu-tools-for-stm32.12.3.rel1.win32_1.0.200.202406191623/tools/bin/../lib/gcc/arm-none-eabi/12.3.1/../../../../arm-none-eabi/lib/thumb/v7e-m+dp/hard\libc_nano.a(libc_a-lseekr.o)
[...]
Memory Configuration

Name             Origin             Length             Attributes
ITCMRAM          0x00000000         0x00010000         xrw
FLASH            0x08000000         0x00200000         xr
DTCMRAM1         0x20000000         0x00010000         xrw
DTCMRAM2         0x20010000         0x00010000         xrw
RAM              0x24000000         0x00100000         xrw
RAM_CD           0x30000000         0x00020000         xrw
RAM_SRD          0x38000000         0x00008000         xrw
*default*        0x00000000         0xffffffff

Linker script and memory map

LOAD C:/ST/STM32CubeIDE_1.16.1/STM32CubeIDE/plugins/com.st.stm32cube.ide.mcu.externaltools.gnu-tools-for-stm32.12.3.rel1.win32_1.0.200.202406191623/tools/bin/../lib/gcc/arm-none-eabi/12.3.1/thumb/v7e-m+dp/hard/crti.o
LOAD C:/ST/STM32CubeIDE_1.16.1/STM32CubeIDE/plugins/com.st.stm32cube.ide.mcu.externaltools.gnu-tools-for-stm32.12.3.rel1.win32_1.0.200.202406191623/tools/bin/../lib/gcc/arm-none-eabi/12.3.1/thumb/v7e-m+dp/hard/crtbegin.o
LOAD C:/ST/STM32CubeIDE_1.16.1/STM32CubeIDE/plugins/com.st.stm32cube.ide.mcu.externaltools.gnu-tools-for-stm32.12.3.rel1.win32_1.0.200.202406191623/tools/bin/../lib/gcc/arm-none-eabi/12.3.1/../../../../arm-none-eabi/lib/thumb/v7e-m+dp/hard/crt0.o
LOAD ./Core/Src/main.o
LOAD ./Core/Src/stm32h7xx_hal_msp.o
LOAD ./Core/Src/stm32h7xx_it.o
LOAD ./Core/Src/syscalls.o
LOAD ./Core/Src/sysmem.o
LOAD ./Core/Src/system_stm32h7xx.o
LOAD ./Core/Startup/startup_stm32h7a3ritx.o
LOAD ./Drivers/STM32H7xx_HAL_Driver/Src/stm32h7xx_hal.o
LOAD ./Drivers/STM32H7xx_HAL_Driver/Src/stm32h7xx_hal_cortex.o
LOAD ./Drivers/STM32H7xx_HAL_Driver/Src/stm32h7xx_hal_dma.o
LOAD ./Drivers/STM32H7xx_HAL_Driver/Src/stm32h7xx_hal_dma_ex.o
LOAD ./Drivers/STM32H7xx_HAL_Driver/Src/stm32h7xx_hal_exti.o
LOAD ./Drivers/STM32H7xx_HAL_Driver/Src/stm32h7xx_hal_flash.o
LOAD ./Drivers/STM32H7xx_HAL_Driver/Src/stm32h7xx_hal_flash_ex.o
LOAD ./Drivers/STM32H7xx_HAL_Driver/Src/stm32h7xx_hal_gpio.o
LOAD ./Drivers/STM32H7xx_HAL_Driver/Src/stm32h7xx_hal_hsem.o
LOAD ./Drivers/STM32H7xx_HAL_Driver/Src/stm32h7xx_hal_i2c.o
LOAD ./Drivers/STM32H7xx_HAL_Driver/Src/stm32h7xx_hal_i2c_ex.o
LOAD ./Drivers/STM32H7xx_HAL_Driver/Src/stm32h7xx_hal_mdma.o
LOAD ./Drivers/STM32H7xx_HAL_Driver/Src/stm32h7xx_hal_pcd.o
LOAD ./Drivers/STM32H7xx_HAL_Driver/Src/stm32h7xx_hal_pcd_ex.o
LOAD ./Drivers/STM32H7xx_HAL_Driver/Src/stm32h7xx_hal_pwr.o
LOAD ./Drivers/STM32H7xx_HAL_Driver/Src/stm32h7xx_hal_pwr_ex.o
LOAD ./Drivers/STM32H7xx_HAL_Driver/Src/stm32h7xx_hal_rcc.o
LOAD ./Drivers/STM32H7xx_HAL_Driver/Src/stm32h7xx_hal_rcc_ex.o
LOAD ./Drivers/STM32H7xx_HAL_Driver/Src/stm32h7xx_hal_tim.o
LOAD ./Drivers/STM32H7xx_HAL_Driver/Src/stm32h7xx_hal_tim_ex.o
LOAD ./Drivers/STM32H7xx_HAL_Driver/Src/stm32h7xx_hal_uart.o
LOAD ./Drivers/STM32H7xx_HAL_Driver/Src/stm32h7xx_hal_uart_ex.o
LOAD ./Drivers/STM32H7xx_HAL_Driver/Src/stm32h7xx_ll_usb.o
LOAD ./Middlewares/ST/STM32_USB_Device_Library/Class/CDC/Src/usbd_cdc.o
LOAD ./Middlewares/ST/STM32_USB_Device_Library/Core/Src/usbd_core.o
LOAD ./Middlewares/ST/STM32_USB_Device_Library/Core/Src/usbd_ctlreq.o
LOAD ./Middlewares/ST/STM32_USB_Device_Library/Core/Src/usbd_ioreq.o
LOAD ./USB_DEVICE/App/usb_device.o
LOAD ./USB_DEVICE/App/usbd_cdc_if.o
LOAD ./USB_DEVICE/App/usbd_desc.o
LOAD ./USB_DEVICE/Target/usbd_conf.o
START GROUP
LOAD C:/ST/STM32CubeIDE_1.16.1/STM32CubeIDE/plugins/com.st.stm32cube.ide.mcu.externaltools.gnu-tools-for-stm32.12.3.rel1.win32_1.0.200.202406191623/tools/bin/../lib/gcc/arm-none-eabi/12.3.1/../../../../arm-none-eabi/lib/thumb/v7e-m+dp/hard\libc_nano.a
LOAD C:/ST/STM32CubeIDE_1.16.1/STM32CubeIDE/plugins/com.st.stm32cube.ide.mcu.externaltools.gnu-tools-for-stm32.12.3.rel1.win32_1.0.200.202406191623/tools/bin/../lib/gcc/arm-none-eabi/12.3.1/../../../../arm-none-eabi/lib/thumb/v7e-m+dp/hard\libm.a
END GROUP
START GROUP
LOAD C:/ST/STM32CubeIDE_1.16.1/STM32CubeIDE/plugins/com.st.stm32cube.ide.mcu.externaltools.gnu-tools-for-stm32.12.3.rel1.win32_1.0.200.202406191623/tools/bin/../lib/gcc/arm-none-eabi/12.3.1/thumb/v7e-m+dp/hard\libgcc.a
LOAD C:/ST/STM32CubeIDE_1.16.1/STM32CubeIDE/plugins/com.st.stm32cube.ide.mcu.externaltools.gnu-tools-for-stm32.12.3.rel1.win32_1.0.200.202406191623/tools/bin/../lib/gcc/arm-none-eabi/12.3.1/../../../../arm-none-eabi/lib/thumb/v7e-m+dp/hard\libc_nano.a
END GROUP
START GROUP
LOAD C:/ST/STM32CubeIDE_1.16.1/STM32CubeIDE/plugins/com.st.stm32cube.ide.mcu.externaltools.gnu-tools-for-stm32.12.3.rel1.win32_1.0.200.202406191623/tools/bin/../lib/gcc/arm-none-eabi/12.3.1/thumb/v7e-m+dp/hard\libgcc.a
LOAD C:/ST/STM32CubeIDE_1.16.1/STM32CubeIDE/plugins/com.st.stm32cube.ide.mcu.externaltools.gnu-tools-for-stm32.12.3.rel1.win32_1.0.200.202406191623/tools/bin/../lib/gcc/arm-none-eabi/12.3.1/../../../../arm-none-eabi/lib/thumb/v7e-m+dp/hard\libc_nano.a
LOAD C:/ST/STM32CubeIDE_1.16.1/STM32CubeIDE/plugins/com.st.stm32cube.ide.mcu.externaltools.gnu-tools-for-stm32.12.3.rel1.win32_1.0.200.202406191623/tools/bin/../lib/gcc/arm-none-eabi/12.3.1/../../../../arm-none-eabi/lib/thumb/v7e-m+dp/hard\libnosys.a
END GROUP
START GROUP
LOAD C:/ST/STM32CubeIDE_1.16.1/STM32CubeIDE/plugins/com.st.stm32cube.ide.mcu.externaltools.gnu-tools-for-stm32.12.3.rel1.win32_1.0.200.202406191623/tools/bin/../lib/gcc/arm-none-eabi/12.3.1/thumb/v7e-m+dp/hard\libgcc.a
LOAD C:/ST/STM32CubeIDE_1.16.1/STM32CubeIDE/plugins/com.st.stm32cube.ide.mcu.externaltools.gnu-tools-for-stm32.12.3.rel1.win32_1.0.200.202406191623/tools/bin/../lib/gcc/arm-none-eabi/12.3.1/../../../../arm-none-eabi/lib/thumb/v7e-m+dp/hard\libc_nano.a
LOAD C:/ST/STM32CubeIDE_1.16.1/STM32CubeIDE/plugins/com.st.stm32cube.ide.mcu.externaltools.gnu-tools-for-stm32.12.3.rel1.win32_1.0.200.202406191623/tools/bin/../lib/gcc/arm-none-eabi/12.3.1/../../../../arm-none-eabi/lib/thumb/v7e-m+dp/hard\libnosys.a
END GROUP
LOAD C:/ST/STM32CubeIDE_1.16.1/STM32CubeIDE/plugins/com.st.stm32cube.ide.mcu.externaltools.gnu-tools-for-stm32.12.3.rel1.win32_1.0.200.202406191623/tools/bin/../lib/gcc/arm-none-eabi/12.3.1/thumb/v7e-m+dp/hard/crtend.o
LOAD C:/ST/STM32CubeIDE_1.16.1/STM32CubeIDE/plugins/com.st.stm32cube.ide.mcu.externaltools.gnu-tools-for-stm32.12.3.rel1.win32_1.0.200.202406191623/tools/bin/../lib/gcc/arm-none-eabi/12.3.1/thumb/v7e-m+dp/hard/crtn.o
                0x24100000                        _estack = (ORIGIN (RAM) + LENGTH (RAM))
                0x00000200                        _Min_Heap_Size = 0x200
                0x00000400                        _Min_Stack_Size = 0x400

.isr_vector     0x08000000      0x2ac
                0x08000000                        . = ALIGN (0x4)
 *(.isr_vector)
 .isr_vector    0x08000000      0x2ac ./Core/Startup/startup_stm32h7a3ritx.o
                0x08000000                g_pfnVectors
                0x080002ac                        . = ALIGN (0x4)

.text           0x080002ac     0xab60
                0x080002ac                        . = ALIGN (0x4)
 *(.text)
 .text          0x080002ac       0x40 C:/ST/STM32CubeIDE_1.16.1/STM32CubeIDE/plugins/com.st.stm32cube.ide.mcu.externaltools.gnu-tools-for-stm32.12.3.rel1.win32_1.0.200.202406191623/tools/bin/../lib/gcc/arm-none-eabi/12.3.1/thumb/v7e-m+dp/hard/crtbegin.o
 .text          0x080002ec       0x30 C:/ST/STM32CubeIDE_1.16.1/STM32CubeIDE/plugins/com.st.stm32cube.ide.mcu.externaltools.gnu-tools-for-stm32.12.3.rel1.win32_1.0.200.202406191623/tools/bin/../lib/gcc/arm-none-eabi/12.3.1/thumb/v7e-m+dp/hard\libgcc.a(_aeabi_uldivmod.o)
                0x080002ec                __aeabi_uldivmod
 .text          0x0800031c      0x2bc C:/ST/STM32CubeIDE_1.16.1/STM32CubeIDE/plugins/com.st.stm32cube.ide.mcu.externaltools.gnu-tools-for-stm32.12.3.rel1.win32_1.0.200.202406191623/tools/bin/../lib/gcc/arm-none-eabi/12.3.1/thumb/v7e-m+dp/hard\libgcc.a(_udivmoddi4.o)
                0x0800031c                __udivmoddi4
 .text          0x080005d8        0x4 C:/ST/STM32CubeIDE_1.16.1/STM32CubeIDE/plugins/com.st.stm32cube.ide.mcu.externaltools.gnu-tools-for-stm32.12.3.rel1.win32_1.0.200.202406191623/tools/bin/../lib/gcc/arm-none-eabi/12.3.1/thumb/v7e-m+dp/hard\libgcc.a(_dvmd_tls.o)
                0x080005d8                __aeabi_idiv0
                0x080005d8                __aeabi_ldiv0
 *(.text*)
 .text.main     0x080005dc       0x6c ./Core/Src/main.o
                0x080005dc                main
 .text.SystemClock_Config
                0x08000648      0x124 ./Core/Src/main.o
                0x08000648                SystemClock_Config
 .text.MX_USART1_UART_Init
                0x0800076c       0x98 ./Core/Src/main.o
 .text.MX_USART2_UART_Init
                0x08000804       0x98 ./Core/Src/main.o
 .text.MX_GPIO_Init
                0x0800089c       0xa8 ./Core/Src/main.o
 .text.MPU_Config
                0x08000944       0x58 ./Core/Src/main.o
 .text.Error_Handler
                0x0800099c        0xc ./Core/Src/main.o
                0x0800099c                Error_Handler
 .text.HAL_MspInit
                0x080009a8       0x50 ./Core/Src/stm32h7xx_hal_msp.o
                0x080009a8                HAL_MspInit
 .text.HAL_UART_MspInit
                0x080009f8      0x174 ./Core/Src/stm32h7xx_hal_msp.o
                0x080009f8                HAL_UART_MspInit
 .text.NMI_Handler
                0x08000b6c        0x8 ./Core/Src/stm32h7xx_it.o
                0x08000b6c                NMI_Handler
 .text.HardFault_Handler
                0x08000b74        0x8 ./Core/Src/stm32h7xx_it.o
                0x08000b74                HardFault_Handler
 .text.MemManage_Handler
                0x08000b7c        0x8 ./Core/Src/stm32h7xx_it.o
                0x08000b7c                MemManage_Handler
 .text.BusFault_Handler
                0x08000b84        0x8 ./Core/Src/stm32h7xx_it.o
                0x08000b84                BusFault_Handler
 .text.UsageFault_Handler
                0x08000b8c        0x8 ./Core/Src/stm32h7xx_it.o
                0x08000b8c                UsageFault_Handler
 .text.SVC_Handler
                0x08000b94        0xe ./Core/Src/stm32h7xx_it.o
                0x08000b94                SVC_Handler
 .text.DebugMon_Handler
                0x08000ba2        0xe ./Core/Src/stm32h7xx_it.o
                0x08000ba2                DebugMon_Handler
 .text.PendSV_Handler
                0x08000bb0        0xe ./Core/Src/stm32h7xx_it.o
                0x08000bb0                PendSV_Handler
 .text.SysTick_Handler
                0x08000bbe        0xc ./Core/Src/stm32h7xx_it.o
                0x08000bbe                SysTick_Handler
 .text.RCC_IRQHandler
                0x08000bca        0xe ./Core/Src/stm32h7xx_it.o
                0x08000bca                RCC_IRQHandler
 .text.OTG_HS_IRQHandler
                0x08000bd8       0x14 ./Core/Src/stm32h7xx_it.o
                0x08000bd8                OTG_HS_IRQHandler
 .text.CRS_IRQHandler
                0x08000bec        0xc ./Core/Src/stm32h7xx_it.o
                0x08000bec                CRS_IRQHandler
 .text.SystemInit
                0x08000bf8       0xf0 ./Core/Src/system_stm32h7xx.o
                0x08000bf8                SystemInit
 .text.Reset_Handler
                0x08000ce8       0x50 ./Core/Startup/startup_stm32h7a3ritx.o
                0x08000ce8                Reset_Handler
 .text.Default_Handler
                0x08000d38        0x2 ./Core/Startup/startup_stm32h7a3ritx.o
                0x08000d38                RTC_Alarm_IRQHandler
                0x08000d38                EXTI2_IRQHandler
                0x08000d38                TIM8_CC_IRQHandler
                0x08000d38                UART8_IRQHandler
                0x08000d38                BDMA2_Channel1_IRQHandler
                0x08000d38                SPI4_IRQHandler
                0x08000d38                BDMA2_Channel0_IRQHandler
                0x08000d38                TIM1_CC_IRQHandler
                0x08000d38                DMA2_Stream5_IRQHandler
                0x08000d38                JPEG_IRQHandler
                0x08000d38                DMA1_Stream5_IRQHandler
                0x08000d38                EXTI3_IRQHandler
                0x08000d38                LPTIM4_IRQHandler
                0x08000d38                TIM8_TRG_COM_TIM14_IRQHandler
                0x08000d38                LPTIM2_IRQHandler
                0x08000d38                DFSDM1_FLT1_IRQHandler
                0x08000d38                DMAMUX2_OVR_IRQHandler
                0x08000d38                GFXMMU_IRQHandler
                0x08000d38                TIM8_UP_TIM13_IRQHandler
                0x08000d38                I2C3_ER_IRQHandler
                0x08000d38                DFSDM1_FLT2_IRQHandler
                0x08000d38                USART10_IRQHandler
                0x08000d38                MDMA_IRQHandler
                0x08000d38                LPTIM3_IRQHandler
                0x08000d38                BDMA2_Channel3_IRQHandler
                0x08000d38                HSEM1_IRQHandler
                0x08000d38                EXTI0_IRQHandler
                0x08000d38                I2C2_EV_IRQHandler
                0x08000d38                DAC2_IRQHandler
                0x08000d38                DMA1_Stream2_IRQHandler
                0x08000d38                FPU_IRQHandler
                0x08000d38                OTG_HS_WKUP_IRQHandler
                0x08000d38                FDCAN1_IT1_IRQHandler
                0x08000d38                LTDC_ER_IRQHandler
                0x08000d38                DMA2_Stream2_IRQHandler
                0x08000d38                SPI1_IRQHandler
                0x08000d38                OCTOSPI1_IRQHandler
                0x08000d38                TIM6_DAC_IRQHandler
                0x08000d38                BDMA2_Channel6_IRQHandler
                0x08000d38                DMA2_Stream3_IRQHandler
                0x08000d38                OCTOSPI2_IRQHandler
                0x08000d38                SAI2_IRQHandler
                0x08000d38                BDMA1_IRQHandler
                0x08000d38                DFSDM1_FLT3_IRQHandler
                0x08000d38                USART6_IRQHandler
                0x08000d38                TIM17_IRQHandler
                0x08000d38                USART3_IRQHandler
                0x08000d38                LPTIM5_IRQHandler
                0x08000d38                UART5_IRQHandler
                0x08000d38                DMA2_Stream0_IRQHandler
                0x08000d38                TIM4_IRQHandler
                0x08000d38                I2C1_EV_IRQHandler
                0x08000d38                DMA1_Stream6_IRQHandler
                0x08000d38                DMAMUX1_OVR_IRQHandler
                0x08000d38                DMA1_Stream1_IRQHandler
                0x08000d38                TIM16_IRQHandler
                0x08000d38                UART4_IRQHandler
                0x08000d38                TIM3_IRQHandler
                0x08000d38                UART9_IRQHandler
                0x08000d38                TIM8_BRK_TIM12_IRQHandler
                0x08000d38                TIM1_TRG_COM_IRQHandler
                0x08000d38                Default_Handler
                0x08000d38                ECC_IRQHandler
                0x08000d38                BDMA2_Channel2_IRQHandler
                0x08000d38                CEC_IRQHandler
                0x08000d38                EXTI15_10_IRQHandler
                0x08000d38                DFSDM1_FLT4_IRQHandler
                0x08000d38                ADC_IRQHandler
                0x08000d38                DMA1_Stream7_IRQHandler
                0x08000d38                SPI5_IRQHandler
                0x08000d38                TIM7_IRQHandler
                0x08000d38                SDMMC1_IRQHandler
                0x08000d38                TIM5_IRQHandler
                0x08000d38                DMA2_Stream7_IRQHandler
                0x08000d38                TIM15_IRQHandler
                0x08000d38                I2C3_EV_IRQHandler
                0x08000d38                DFSDM2_IRQHandler
                0x08000d38                EXTI9_5_IRQHandler
                0x08000d38                RTC_WKUP_IRQHandler
                0x08000d38                LTDC_IRQHandler
                0x08000d38                SPDIF_RX_IRQHandler
                0x08000d38                PVD_PVM_IRQHandler
                0x08000d38                SPI2_IRQHandler
                0x08000d38                OTG_HS_EP1_IN_IRQHandler
                0x08000d38                DFSDM1_FLT5_IRQHandler
                0x08000d38                DMA1_Stream0_IRQHandler
                0x08000d38                EXTI4_IRQHandler
                0x08000d38                DFSDM1_FLT6_IRQHandler
                0x08000d38                RNG_IRQHandler
                0x08000d38                FDCAN2_IT1_IRQHandler
                0x08000d38                COMP_IRQHandler
                0x08000d38                TIM1_UP_IRQHandler
                0x08000d38                OTG_HS_EP1_OUT_IRQHandler
                0x08000d38                WWDG_IRQHandler
                0x08000d38                SPI6_IRQHandler
                0x08000d38                MDIOS_IRQHandler
                0x08000d38                I2C4_EV_IRQHandler
                0x08000d38                FDCAN2_IT0_IRQHandler
                0x08000d38                LPUART1_IRQHandler
                0x08000d38                FDCAN1_IT0_IRQHandler
                0x08000d38                TIM2_IRQHandler
                0x08000d38                BDMA2_Channel5_IRQHandler
                0x08000d38                DMA2D_IRQHandler
                0x08000d38                TIM1_BRK_IRQHandler
                0x08000d38                EXTI1_IRQHandler
                0x08000d38                SDMMC2_IRQHandler
                0x08000d38                DTS_IRQHandler
                0x08000d38                UART7_IRQHandler
                0x08000d38                MDIOS_WKUP_IRQHandler
                0x08000d38                USART2_IRQHandler
                0x08000d38                DFSDM1_FLT0_IRQHandler
                0x08000d38                I2C2_ER_IRQHandler
                0x08000d38                DMA2_Stream1_IRQHandler
                0x08000d38                DFSDM1_FLT7_IRQHandler
                0x08000d38                FLASH_IRQHandler
                0x08000d38                DMA2_Stream4_IRQHandler
                0x08000d38                USART1_IRQHandler
                0x08000d38                SPI3_IRQHandler
                0x08000d38                WAKEUP_PIN_IRQHandler
                0x08000d38                DMA1_Stream4_IRQHandler
                0x08000d38                I2C1_ER_IRQHandler
                0x08000d38                FMC_IRQHandler
                0x08000d38                BDMA2_Channel7_IRQHandler
                0x08000d38                FDCAN_CAL_IRQHandler
                0x08000d38                SWPMI1_IRQHandler
                0x08000d38                LPTIM1_IRQHandler
                0x08000d38                DCMI_PSSI_IRQHandler
                0x08000d38                I2C4_ER_IRQHandler
                0x08000d38                DMA2_Stream6_IRQHandler
                0x08000d38                SAI1_IRQHandler
                0x08000d38                DMA1_Stream3_IRQHandler
                0x08000d38                RTC_TAMP_STAMP_CSS_LSE_IRQHandler
                0x08000d38                BDMA2_Channel4_IRQHandler
 *fill*         0x08000d3a        0x2 
 .text.HAL_Init
                0x08000d3c       0x78 ./Drivers/STM32H7xx_HAL_Driver/Src/stm32h7xx_hal.o
                0x08000d3c                HAL_Init
 .text.HAL_InitTick
                0x08000db4       0x6c ./Drivers/STM32H7xx_HAL_Driver/Src/stm32h7xx_hal.o
                0x08000db4                HAL_InitTick
 .text.HAL_IncTick
                0x08000e20       0x28 ./Drivers/STM32H7xx_HAL_Driver/Src/stm32h7xx_hal.o
                0x08000e20                HAL_IncTick
 .text.HAL_GetTick
                0x08000e48       0x18 ./Drivers/STM32H7xx_HAL_Driver/Src/stm32h7xx_hal.o
                0x08000e48                HAL_GetTick
 .text.HAL_Delay
                0x08000e60       0x48 ./Drivers/STM32H7xx_HAL_Driver/Src/stm32h7xx_hal.o
                0x08000e60                HAL_Delay
 .text.HAL_GetREVID
                0x08000ea8       0x18 ./Drivers/STM32H7xx_HAL_Driver/Src/stm32h7xx_hal.o
                0x08000ea8                HAL_GetREVID
 .text.__NVIC_SetPriorityGrouping
                0x08000ec0       0x48 ./Drivers/STM32H7xx_HAL_Driver/Src/stm32h7xx_hal_cortex.o
 .text.__NVIC_GetPriorityGrouping
                0x08000f08       0x1c ./Drivers/STM32H7xx_HAL_Driver/Src/stm32h7xx_hal_cortex.o
 .text.__NVIC_EnableIRQ
                0x08000f24       0x3c ./Drivers/STM32H7xx_HAL_Driver/Src/stm32h7xx_hal_cortex.o
 .text.__NVIC_SetPriority
                0x08000f60       0x54 ./Drivers/STM32H7xx_HAL_Driver/Src/stm32h7xx_hal_cortex.o
 .text.NVIC_EncodePriority
                0x08000fb4       0x66 ./Drivers/STM32H7xx_HAL_Driver/Src/stm32h7xx_hal_cortex.o
 *fill*         0x0800101a        0x2 
 .text.SysTick_Config
                0x0800101c       0x44 ./Drivers/STM32H7xx_HAL_Driver/Src/stm32h7xx_hal_cortex.o
 .text.HAL_NVIC_SetPriorityGrouping
                0x08001060       0x16 ./Drivers/STM32H7xx_HAL_Driver/Src/stm32h7xx_hal_cortex.o
                0x08001060                HAL_NVIC_SetPriorityGrouping
 .text.HAL_NVIC_SetPriority
                0x08001076       0x34 ./Drivers/STM32H7xx_HAL_Driver/Src/stm32h7xx_hal_cortex.o
                0x08001076                HAL_NVIC_SetPriority
 .text.HAL_NVIC_EnableIRQ
                0x080010aa       0x1c ./Drivers/STM32H7xx_HAL_Driver/Src/stm32h7xx_hal_cortex.o
                0x080010aa                HAL_NVIC_EnableIRQ
 .text.HAL_SYSTICK_Config
                0x080010c6       0x18 ./Drivers/STM32H7xx_HAL_Driver/Src/stm32h7xx_hal_cortex.o
                0x080010c6                HAL_SYSTICK_Config
 *fill*         0x080010de        0x2 
 .text.HAL_MPU_Disable
                0x080010e0       0x30 ./Drivers/STM32H7xx_HAL_Driver/Src/stm32h7xx_hal_cortex.o
                0x080010e0                HAL_MPU_Disable
 .text.HAL_MPU_Enable
                0x08001110       0x40 ./Drivers/STM32H7xx_HAL_Driver/Src/stm32h7xx_hal_cortex.o
                0x08001110                HAL_MPU_Enable
 .text.HAL_MPU_ConfigRegion
                0x08001150       0x80 ./Drivers/STM32H7xx_HAL_Driver/Src/stm32h7xx_hal_cortex.o
                0x08001150                HAL_MPU_ConfigRegion
 .text.HAL_GPIO_Init
                0x080011d0      0x360 ./Drivers/STM32H7xx_HAL_Driver/Src/stm32h7xx_hal_gpio.o
                0x080011d0                HAL_GPIO_Init
 .text.HAL_GPIO_WritePin
                0x08001530       0x32 ./Drivers/STM32H7xx_HAL_Driver/Src/stm32h7xx_hal_gpio.o
                0x08001530                HAL_GPIO_WritePin
 .text.HAL_GPIO_TogglePin
                0x08001562       0x34 ./Drivers/STM32H7xx_HAL_Driver/Src/stm32h7xx_hal_gpio.o
                0x08001562                HAL_GPIO_TogglePin
 .text.HAL_PCD_Init
                0x08001596      0x218 ./Drivers/STM32H7xx_HAL_Driver/Src/stm32h7xx_hal_pcd.o
                0x08001596                HAL_PCD_Init
 .text.HAL_PCD_Start
                0x080017ae       0x6a ./Drivers/STM32H7xx_HAL_Driver/Src/stm32h7xx_hal_pcd.o
                0x080017ae                HAL_PCD_Start
 .text.HAL_PCD_IRQHandler
                0x08001818      0x99c ./Drivers/STM32H7xx_HAL_Driver/Src/stm32h7xx_hal_pcd.o
                0x08001818                HAL_PCD_IRQHandler
 .text.HAL_PCD_SetAddress
                0x080021b4       0x48 ./Drivers/STM32H7xx_HAL_Driver/Src/stm32h7xx_hal_pcd.o
                0x080021b4                HAL_PCD_SetAddress
 .text.HAL_PCD_EP_Open
                0x080021fc       0xd0 ./Drivers/STM32H7xx_HAL_Driver/Src/stm32h7xx_hal_pcd.o
                0x080021fc                HAL_PCD_EP_Open
 .text.HAL_PCD_EP_Close
                0x080022cc       0x94 ./Drivers/STM32H7xx_HAL_Driver/Src/stm32h7xx_hal_pcd.o
                0x080022cc                HAL_PCD_EP_Close
 .text.HAL_PCD_EP_Receive
                0x08002360       0x76 ./Drivers/STM32H7xx_HAL_Driver/Src/stm32h7xx_hal_pcd.o
                0x08002360                HAL_PCD_EP_Receive
 .text.HAL_PCD_EP_GetRxCount
                0x080023d6       0x30 ./Drivers/STM32H7xx_HAL_Driver/Src/stm32h7xx_hal_pcd.o
                0x080023d6                HAL_PCD_EP_GetRxCount
 .text.HAL_PCD_EP_Transmit
                0x08002406       0x74 ./Drivers/STM32H7xx_HAL_Driver/Src/stm32h7xx_hal_pcd.o
                0x08002406                HAL_PCD_EP_Transmit
 .text.HAL_PCD_EP_SetStall
                0x0800247a       0xc6 ./Drivers/STM32H7xx_HAL_Driver/Src/stm32h7xx_hal_pcd.o
                0x0800247a                HAL_PCD_EP_SetStall
 .text.HAL_PCD_EP_ClrStall
                0x08002540       0xac ./Drivers/STM32H7xx_HAL_Driver/Src/stm32h7xx_hal_pcd.o
                0x08002540                HAL_PCD_EP_ClrStall
 .text.HAL_PCD_EP_Abort
                0x080025ec       0x62 ./Drivers/STM32H7xx_HAL_Driver/Src/stm32h7xx_hal_pcd.o
                0x080025ec                HAL_PCD_EP_Abort
 .text.PCD_WriteEmptyTxFifo
                0x0800264e      0x118 ./Drivers/STM32H7xx_HAL_Driver/Src/stm32h7xx_hal_pcd.o
 *fill*         0x08002766        0x2 
 .text.PCD_EP_OutXfrComplete_int
                0x08002768      0x1d0 ./Drivers/STM32H7xx_HAL_Driver/Src/stm32h7xx_hal_pcd.o
 .text.PCD_EP_OutSetupPacket_int
                0x08002938       0x8c ./Drivers/STM32H7xx_HAL_Driver/Src/stm32h7xx_hal_pcd.o
 .text.HAL_PCDEx_SetTxFiFo
                0x080029c4       0x8e ./Drivers/STM32H7xx_HAL_Driver/Src/stm32h7xx_hal_pcd_ex.o
                0x080029c4                HAL_PCDEx_SetTxFiFo
 .text.HAL_PCDEx_SetRxFiFo
                0x08002a52       0x22 ./Drivers/STM32H7xx_HAL_Driver/Src/stm32h7xx_hal_pcd_ex.o
                0x08002a52                HAL_PCDEx_SetRxFiFo
 .text.HAL_PCDEx_ActivateLPM
                0x08002a74       0x48 ./Drivers/STM32H7xx_HAL_Driver/Src/stm32h7xx_hal_pcd_ex.o
                0x08002a74                HAL_PCDEx_ActivateLPM
 .text.HAL_PCDEx_LPM_Callback
                0x08002abc       0x18 ./Drivers/STM32H7xx_HAL_Driver/Src/stm32h7xx_hal_pcd_ex.o
                0x08002abc                HAL_PCDEx_LPM_Callback
 .text.HAL_PWREx_ConfigSupply
                0x08002ad4       0x74 ./Drivers/STM32H7xx_HAL_Driver/Src/stm32h7xx_hal_pwr_ex.o
                0x08002ad4                HAL_PWREx_ConfigSupply
 .text.HAL_PWREx_EnableUSBVoltageDetector
                0x08002b48       0x20 ./Drivers/STM32H7xx_HAL_Driver/Src/stm32h7xx_hal_pwr_ex.o
                0x08002b48                HAL_PWREx_EnableUSBVoltageDetector
 .text.HAL_RCC_OscConfig
                0x08002b68      0x864 ./Drivers/STM32H7xx_HAL_Driver/Src/stm32h7xx_hal_rcc.o
                0x08002b68                HAL_RCC_OscConfig
 .text.HAL_RCC_ClockConfig
                0x080033cc      0x36c ./Drivers/STM32H7xx_HAL_Driver/Src/stm32h7xx_hal_rcc.o
                0x080033cc                HAL_RCC_ClockConfig
 .text.HAL_RCC_GetSysClockFreq
                0x08003738      0x2f4 ./Drivers/STM32H7xx_HAL_Driver/Src/stm32h7xx_hal_rcc.o
                0x08003738                HAL_RCC_GetSysClockFreq
 .text.HAL_RCC_GetHCLKFreq
                0x08003a2c       0x60 ./Drivers/STM32H7xx_HAL_Driver/Src/stm32h7xx_hal_rcc.o
                0x08003a2c                HAL_RCC_GetHCLKFreq
 .text.HAL_RCC_GetPCLK1Freq
                0x08003a8c       0x2c ./Drivers/STM32H7xx_HAL_Driver/Src/stm32h7xx_hal_rcc.o
                0x08003a8c                HAL_RCC_GetPCLK1Freq
 .text.HAL_RCC_GetPCLK2Freq
                0x08003ab8       0x2c ./Drivers/STM32H7xx_HAL_Driver/Src/stm32h7xx_hal_rcc.o
                0x08003ab8                HAL_RCC_GetPCLK2Freq
 .text.HAL_RCCEx_PeriphCLKConfig
                0x08003ae4     0x137c ./Drivers/STM32H7xx_HAL_Driver/Src/stm32h7xx_hal_rcc_ex.o
                0x08003ae4                HAL_RCCEx_PeriphCLKConfig
 .text.HAL_RCCEx_GetD3PCLK1Freq
                0x08004e60       0x2c ./Drivers/STM32H7xx_HAL_Driver/Src/stm32h7xx_hal_rcc_ex.o
                0x08004e60                HAL_RCCEx_GetD3PCLK1Freq
 .text.HAL_RCCEx_GetPLL2ClockFreq
                0x08004e8c      0x2a8 ./Drivers/STM32H7xx_HAL_Driver/Src/stm32h7xx_hal_rcc_ex.o
                0x08004e8c                HAL_RCCEx_GetPLL2ClockFreq
 .text.HAL_RCCEx_GetPLL3ClockFreq
                0x08005134      0x2a8 ./Drivers/STM32H7xx_HAL_Driver/Src/stm32h7xx_hal_rcc_ex.o
                0x08005134                HAL_RCCEx_GetPLL3ClockFreq
 .text.HAL_RCCEx_CRSConfig
                0x080053dc       0xac ./Drivers/STM32H7xx_HAL_Driver/Src/stm32h7xx_hal_rcc_ex.o
                0x080053dc                HAL_RCCEx_CRSConfig
 .text.HAL_RCCEx_CRS_IRQHandler
                0x08005488       0xdc ./Drivers/STM32H7xx_HAL_Driver/Src/stm32h7xx_hal_rcc_ex.o
                0x08005488                HAL_RCCEx_CRS_IRQHandler
 .text.HAL_RCCEx_CRS_SyncOkCallback
                0x08005564        0xe ./Drivers/STM32H7xx_HAL_Driver/Src/stm32h7xx_hal_rcc_ex.o
                0x08005564                HAL_RCCEx_CRS_SyncOkCallback
 .text.HAL_RCCEx_CRS_SyncWarnCallback
                0x08005572        0xe ./Drivers/STM32H7xx_HAL_Driver/Src/stm32h7xx_hal_rcc_ex.o
                0x08005572                HAL_RCCEx_CRS_SyncWarnCallback
 .text.HAL_RCCEx_CRS_ExpectedSyncCallback
                0x08005580        0xe ./Drivers/STM32H7xx_HAL_Driver/Src/stm32h7xx_hal_rcc_ex.o
                0x08005580                HAL_RCCEx_CRS_ExpectedSyncCallback
 .text.HAL_RCCEx_CRS_ErrorCallback
                0x0800558e       0x14 ./Drivers/STM32H7xx_HAL_Driver/Src/stm32h7xx_hal_rcc_ex.o
                0x0800558e                HAL_RCCEx_CRS_ErrorCallback
 *fill*         0x080055a2        0x2 
 .text.RCCEx_PLL2_Config
                0x080055a4      0x164 ./Drivers/STM32H7xx_HAL_Driver/Src/stm32h7xx_hal_rcc_ex.o
 .text.RCCEx_PLL3_Config
                0x08005708      0x164 ./Drivers/STM32H7xx_HAL_Driver/Src/stm32h7xx_hal_rcc_ex.o
 .text.HAL_UART_Init
                0x0800586c       0xa0 ./Drivers/STM32H7xx_HAL_Driver/Src/stm32h7xx_hal_uart.o
                0x0800586c                HAL_UART_Init
 .text.HAL_UART_Transmit
                0x0800590c      0x11c ./Drivers/STM32H7xx_HAL_Driver/Src/stm32h7xx_hal_uart.o
                0x0800590c                HAL_UART_Transmit
 .text.UART_SetConfig
                0x08005a28      0xcd8 ./Drivers/STM32H7xx_HAL_Driver/Src/stm32h7xx_hal_uart.o
                0x08005a28                UART_SetConfig
 .text.UART_AdvFeatureConfig
                0x08006700      0x144 ./Drivers/STM32H7xx_HAL_Driver/Src/stm32h7xx_hal_uart.o
                0x08006700                UART_AdvFeatureConfig
 .text.UART_CheckIdleState
                0x08006844      0x154 ./Drivers/STM32H7xx_HAL_Driver/Src/stm32h7xx_hal_uart.o
                0x08006844                UART_CheckIdleState
 .text.UART_WaitOnFlagUntilTimeout
                0x08006998       0xda ./Drivers/STM32H7xx_HAL_Driver/Src/stm32h7xx_hal_uart.o
                0x08006998                UART_WaitOnFlagUntilTimeout
 *fill*         0x08006a72        0x2 
 .text.UART_EndRxTransfer
                0x08006a74       0xcc ./Drivers/STM32H7xx_HAL_Driver/Src/stm32h7xx_hal_uart.o
 .text.HAL_UARTEx_DisableFifoMode
                0x08006b40       0x72 ./Drivers/STM32H7xx_HAL_Driver/Src/stm32h7xx_hal_uart_ex.o
                0x08006b40                HAL_UARTEx_DisableFifoMode
 .text.HAL_UARTEx_SetTxFifoThreshold
                0x08006bb2       0x7c ./Drivers/STM32H7xx_HAL_Driver/Src/stm32h7xx_hal_uart_ex.o
                0x08006bb2                HAL_UARTEx_SetTxFifoThreshold
 .text.HAL_UARTEx_SetRxFifoThreshold
                0x08006c2e       0x7c ./Drivers/STM32H7xx_HAL_Driver/Src/stm32h7xx_hal_uart_ex.o
                0x08006c2e                HAL_UARTEx_SetRxFifoThreshold
 *fill*         0x08006caa        0x2 
 .text.UARTEx_SetNbDataToProcess
                0x08006cac       0x9c ./Drivers/STM32H7xx_HAL_Driver/Src/stm32h7xx_hal_uart_ex.o
 .text.USB_CoreInit
                0x08006d48       0xe4 ./Drivers/STM32H7xx_HAL_Driver/Src/stm32h7xx_ll_usb.o
                0x08006d48                USB_CoreInit
 .text.USB_SetTurnaroundTime
                0x08006e2c      0x144 ./Drivers/STM32H7xx_HAL_Driver/Src/stm32h7xx_ll_usb.o
                0x08006e2c                USB_SetTurnaroundTime
 .text.USB_EnableGlobalInt
                0x08006f70       0x22 ./Drivers/STM32H7xx_HAL_Driver/Src/stm32h7xx_ll_usb.o
                0x08006f70                USB_EnableGlobalInt
 .text.USB_DisableGlobalInt
                0x08006f92       0x22 ./Drivers/STM32H7xx_HAL_Driver/Src/stm32h7xx_ll_usb.o
                0x08006f92                USB_DisableGlobalInt
 .text.USB_SetCurrentMode
                0x08006fb4       0x98 ./Drivers/STM32H7xx_HAL_Driver/Src/stm32h7xx_ll_usb.o
                0x08006fb4                USB_SetCurrentMode
 .text.USB_DevInit
                0x0800704c      0x2bc ./Drivers/STM32H7xx_HAL_Driver/Src/stm32h7xx_ll_usb.o
                0x0800704c                USB_DevInit
 .text.USB_FlushTxFifo
                0x08007308       0x64 ./Drivers/STM32H7xx_HAL_Driver/Src/stm32h7xx_ll_usb.o
                0x08007308                USB_FlushTxFifo
 .text.USB_FlushRxFifo
                0x0800736c       0x5c ./Drivers/STM32H7xx_HAL_Driver/Src/stm32h7xx_ll_usb.o
                0x0800736c                USB_FlushRxFifo
 .text.USB_SetDevSpeed
                0x080073c8       0x32 ./Drivers/STM32H7xx_HAL_Driver/Src/stm32h7xx_ll_usb.o
                0x080073c8                USB_SetDevSpeed
 .text.USB_GetDevSpeed
                0x080073fa       0x4a ./Drivers/STM32H7xx_HAL_Driver/Src/stm32h7xx_ll_usb.o
                0x080073fa                USB_GetDevSpeed
 .text.USB_ActivateEndpoint
                0x08007444      0x110 ./Drivers/STM32H7xx_HAL_Driver/Src/stm32h7xx_ll_usb.o
                0x08007444                USB_ActivateEndpoint
 .text.USB_DeactivateEndpoint
                0x08007554      0x1b8 ./Drivers/STM32H7xx_HAL_Driver/Src/stm32h7xx_ll_usb.o
                0x08007554                USB_DeactivateEndpoint
 .text.USB_EPStartXfer
                0x0800770c      0x540 ./Drivers/STM32H7xx_HAL_Driver/Src/stm32h7xx_ll_usb.o
                0x0800770c                USB_EPStartXfer
 .text.USB_EPStopXfer
                0x08007c4c      0x154 ./Drivers/STM32H7xx_HAL_Driver/Src/stm32h7xx_ll_usb.o
                0x08007c4c                USB_EPStopXfer
 .text.USB_WritePacket
                0x08007da0       0x7c ./Drivers/STM32H7xx_HAL_Driver/Src/stm32h7xx_ll_usb.o
                0x08007da0                USB_WritePacket
 .text.USB_ReadPacket
                0x08007e1c       0xb0 ./Drivers/STM32H7xx_HAL_Driver/Src/stm32h7xx_ll_usb.o
                0x08007e1c                USB_ReadPacket
 .text.USB_EPSetStall
                0x08007ecc       0xdc ./Drivers/STM32H7xx_HAL_Driver/Src/stm32h7xx_ll_usb.o
                0x08007ecc                USB_EPSetStall
 .text.USB_EPClearStall
                0x08007fa8       0xcc ./Drivers/STM32H7xx_HAL_Driver/Src/stm32h7xx_ll_usb.o
                0x08007fa8                USB_EPClearStall
 .text.USB_SetDevAddress
                0x08008074       0x4c ./Drivers/STM32H7xx_HAL_Driver/Src/stm32h7xx_ll_usb.o
                0x08008074                USB_SetDevAddress
 .text.USB_DevConnect
                0x080080c0       0x42 ./Drivers/STM32H7xx_HAL_Driver/Src/stm32h7xx_ll_usb.o
                0x080080c0                USB_DevConnect
 .text.USB_DevDisconnect
                0x08008102       0x42 ./Drivers/STM32H7xx_HAL_Driver/Src/stm32h7xx_ll_usb.o
                0x08008102                USB_DevDisconnect
 .text.USB_ReadInterrupts
                0x08008144       0x26 ./Drivers/STM32H7xx_HAL_Driver/Src/stm32h7xx_ll_usb.o
                0x08008144                USB_ReadInterrupts
 .text.USB_ReadDevAllOutEpInterrupt
                0x0800816a       0x34 ./Drivers/STM32H7xx_HAL_Driver/Src/stm32h7xx_ll_usb.o
                0x0800816a                USB_ReadDevAllOutEpInterrupt
 .text.USB_ReadDevAllInEpInterrupt
                0x0800819e       0x34 ./Drivers/STM32H7xx_HAL_Driver/Src/stm32h7xx_ll_usb.o
                0x0800819e                USB_ReadDevAllInEpInterrupt
 .text.USB_ReadDevOutEPInterrupt
                0x080081d2       0x3c ./Drivers/STM32H7xx_HAL_Driver/Src/stm32h7xx_ll_usb.o
                0x080081d2                USB_ReadDevOutEPInterrupt
 .text.USB_ReadDevInEPInterrupt
                0x0800820e       0x5c ./Drivers/STM32H7xx_HAL_Driver/Src/stm32h7xx_ll_usb.o
                0x0800820e                USB_ReadDevInEPInterrupt
 .text.USB_GetMode
                0x0800826a       0x1c ./Drivers/STM32H7xx_HAL_Driver/Src/stm32h7xx_ll_usb.o
                0x0800826a                USB_GetMode
 *fill*         0x08008286        0x2 
 .text.USB_ActivateSetup
                0x08008288       0x48 ./Drivers/STM32H7xx_HAL_Driver/Src/stm32h7xx_ll_usb.o
                0x08008288                USB_ActivateSetup
 .text.USB_EP0_OutStart
                0x080082d0       0xbc ./Drivers/STM32H7xx_HAL_Driver/Src/stm32h7xx_ll_usb.o
                0x080082d0                USB_EP0_OutStart
 .text.USB_CoreReset
                0x0800838c       0x62 ./Drivers/STM32H7xx_HAL_Driver/Src/stm32h7xx_ll_usb.o
 *fill*         0x080083ee        0x2 
 .text.USBD_CDC_Init
                0x080083f0      0x1f0 ./Middlewares/ST/STM32_USB_Device_Library/Class/CDC/Src/usbd_cdc.o
 .text.USBD_CDC_DeInit
                0x080085e0      0x104 ./Middlewares/ST/STM32_USB_Device_Library/Class/CDC/Src/usbd_cdc.o
 .text.USBD_CDC_Setup
                0x080086e4      0x1b8 ./Middlewares/ST/STM32_USB_Device_Library/Class/CDC/Src/usbd_cdc.o
 .text.USBD_CDC_DataIn
                0x0800889c       0xfe ./Middlewares/ST/STM32_USB_Device_Library/Class/CDC/Src/usbd_cdc.o
 .text.USBD_CDC_DataOut
                0x0800899a       0x70 ./Middlewares/ST/STM32_USB_Device_Library/Class/CDC/Src/usbd_cdc.o
 .text.USBD_CDC_EP0_RxReady
                0x08008a0a       0x74 ./Middlewares/ST/STM32_USB_Device_Library/Class/CDC/Src/usbd_cdc.o
 *fill*         0x08008a7e        0x2 
 .text.USBD_CDC_GetFSCfgDesc
                0x08008a80       0x70 ./Middlewares/ST/STM32_USB_Device_Library/Class/CDC/Src/usbd_cdc.o
 .text.USBD_CDC_GetHSCfgDesc
                0x08008af0       0x70 ./Middlewares/ST/STM32_USB_Device_Library/Class/CDC/Src/usbd_cdc.o
 .text.USBD_CDC_GetOtherSpeedCfgDesc
                0x08008b60       0x70 ./Middlewares/ST/STM32_USB_Device_Library/Class/CDC/Src/usbd_cdc.o
 .text.USBD_CDC_GetDeviceQualifierDescriptor
                0x08008bd0       0x20 ./Middlewares/ST/STM32_USB_Device_Library/Class/CDC/Src/usbd_cdc.o
                0x08008bd0                USBD_CDC_GetDeviceQualifierDescriptor
 .text.USBD_CDC_RegisterInterface
                0x08008bf0       0x34 ./Middlewares/ST/STM32_USB_Device_Library/Class/CDC/Src/usbd_cdc.o
                0x08008bf0                USBD_CDC_RegisterInterface
 .text.USBD_CDC_SetTxBuffer
                0x08008c24       0x44 ./Middlewares/ST/STM32_USB_Device_Library/Class/CDC/Src/usbd_cdc.o
                0x08008c24                USBD_CDC_SetTxBuffer
 .text.USBD_CDC_SetRxBuffer
                0x08008c68       0x3a ./Middlewares/ST/STM32_USB_Device_Library/Class/CDC/Src/usbd_cdc.o
                0x08008c68                USBD_CDC_SetRxBuffer
 *fill*         0x08008ca2        0x2 
 .text.USBD_CDC_ReceivePacket
                0x08008ca4       0x6c ./Middlewares/ST/STM32_USB_Device_Library/Class/CDC/Src/usbd_cdc.o
                0x08008ca4                USBD_CDC_ReceivePacket
 .text.USBD_Init
                0x08008d10       0x60 ./Middlewares/ST/STM32_USB_Device_Library/Core/Src/usbd_core.o
                0x08008d10                USBD_Init
 .text.USBD_RegisterClass
                0x08008d70       0x6c ./Middlewares/ST/STM32_USB_Device_Library/Core/Src/usbd_core.o
                0x08008d70                USBD_RegisterClass
 .text.USBD_Start
                0x08008ddc       0x18 ./Middlewares/ST/STM32_USB_Device_Library/Core/Src/usbd_core.o
                0x08008ddc                USBD_Start
 .text.USBD_RunTestMode
                0x08008df4       0x16 ./Middlewares/ST/STM32_USB_Device_Library/Core/Src/usbd_core.o
                0x08008df4                USBD_RunTestMode
 .text.USBD_SetClassConfig
                0x08008e0a       0x38 ./Middlewares/ST/STM32_USB_Device_Library/Core/Src/usbd_core.o
                0x08008e0a                USBD_SetClassConfig
 .text.USBD_ClrClassConfig
                0x08008e42       0x34 ./Middlewares/ST/STM32_USB_Device_Library/Core/Src/usbd_core.o
                0x08008e42                USBD_ClrClassConfig
 .text.USBD_LL_SetupStage
                0x08008e76       0xaa ./Middlewares/ST/STM32_USB_Device_Library/Core/Src/usbd_core.o
                0x08008e76                USBD_LL_SetupStage
 .text.USBD_LL_DataOutStage
                0x08008f20      0x166 ./Middlewares/ST/STM32_USB_Device_Library/Core/Src/usbd_core.o
                0x08008f20                USBD_LL_DataOutStage
 .text.USBD_LL_DataInStage
                0x08009086      0x164 ./Middlewares/ST/STM32_USB_Device_Library/Core/Src/usbd_core.o
                0x08009086                USBD_LL_DataInStage
 .text.USBD_LL_Reset
                0x080091ea       0xa4 ./Middlewares/ST/STM32_USB_Device_Library/Core/Src/usbd_core.o
                0x080091ea                USBD_LL_Reset
 .text.USBD_LL_SetSpeed
                0x0800928e       0x20 ./Middlewares/ST/STM32_USB_Device_Library/Core/Src/usbd_core.o
                0x0800928e                USBD_LL_SetSpeed
 .text.USBD_LL_Suspend
                0x080092ae       0x38 ./Middlewares/ST/STM32_USB_Device_Library/Core/Src/usbd_core.o
                0x080092ae                USBD_LL_Suspend
 .text.USBD_LL_Resume
                0x080092e6       0x30 ./Middlewares/ST/STM32_USB_Device_Library/Core/Src/usbd_core.o
                0x080092e6                USBD_LL_Resume
 .text.USBD_LL_SOF
                0x08009316       0x40 ./Middlewares/ST/STM32_USB_Device_Library/Core/Src/usbd_core.o
                0x08009316                USBD_LL_SOF
 .text.USBD_LL_IsoINIncomplete
                0x08009356       0x64 ./Middlewares/ST/STM32_USB_Device_Library/Core/Src/usbd_core.o
                0x08009356                USBD_LL_IsoINIncomplete
 .text.USBD_LL_IsoOUTIncomplete
                0x080093ba       0x64 ./Middlewares/ST/STM32_USB_Device_Library/Core/Src/usbd_core.o
                0x080093ba                USBD_LL_IsoOUTIncomplete
 .text.USBD_LL_DevConnected
                0x0800941e       0x16 ./Middlewares/ST/STM32_USB_Device_Library/Core/Src/usbd_core.o
                0x0800941e                USBD_LL_DevConnected
 .text.USBD_LL_DevDisconnected
                0x08009434       0x46 ./Middlewares/ST/STM32_USB_Device_Library/Core/Src/usbd_core.o
                0x08009434                USBD_LL_DevDisconnected
 .text.USBD_CoreFindIF
                0x0800947a       0x1a ./Middlewares/ST/STM32_USB_Device_Library/Core/Src/usbd_core.o
                0x0800947a                USBD_CoreFindIF
 .text.USBD_CoreFindEP
                0x08009494       0x1a ./Middlewares/ST/STM32_USB_Device_Library/Core/Src/usbd_core.o
                0x08009494                USBD_CoreFindEP
 .text.USBD_GetEpDesc
                0x080094ae       0x70 ./Middlewares/ST/STM32_USB_Device_Library/Core/Src/usbd_core.o
                0x080094ae                USBD_GetEpDesc
 .text.USBD_GetNextDesc
                0x0800951e       0x38 ./Middlewares/ST/STM32_USB_Device_Library/Core/Src/usbd_core.o
                0x0800951e                USBD_GetNextDesc
 .text.SWAPBYTE
                0x08009556       0x3c ./Middlewares/ST/STM32_USB_Device_Library/Core/Src/usbd_ctlreq.o
 *fill*         0x08009592        0x2 
 .text.USBD_StdDevReq
                0x08009594       0xe4 ./Middlewares/ST/STM32_USB_Device_Library/Core/Src/usbd_ctlreq.o
                0x08009594                USBD_StdDevReq
 .text.USBD_StdItfReq
                0x08009678       0xd8 ./Middlewares/ST/STM32_USB_Device_Library/Core/Src/usbd_ctlreq.o
                0x08009678                USBD_StdItfReq
 .text.USBD_StdEPReq
                0x08009750      0x33a ./Middlewares/ST/STM32_USB_Device_Library/Core/Src/usbd_ctlreq.o
                0x08009750                USBD_StdEPReq
 *fill*         0x08009a8a        0x2 
 .text.USBD_GetDescriptor
                0x08009a8c      0x328 ./Middlewares/ST/STM32_USB_Device_Library/Core/Src/usbd_ctlreq.o
 .text.USBD_SetAddress
                0x08009db4       0x88 ./Middlewares/ST/STM32_USB_Device_Library/Core/Src/usbd_ctlreq.o
 .text.USBD_SetConfig
                0x08009e3c      0x154 ./Middlewares/ST/STM32_USB_Device_Library/Core/Src/usbd_ctlreq.o
 .text.USBD_GetConfig
                0x08009f90       0x6c ./Middlewares/ST/STM32_USB_Device_Library/Core/Src/usbd_ctlreq.o
 .text.USBD_GetStatus
                0x08009ffc       0x68 ./Middlewares/ST/STM32_USB_Device_Library/Core/Src/usbd_ctlreq.o
 .text.USBD_SetFeature
                0x0800a064       0x52 ./Middlewares/ST/STM32_USB_Device_Library/Core/Src/usbd_ctlreq.o
 .text.USBD_ClrFeature
                0x0800a0b6       0x44 ./Middlewares/ST/STM32_USB_Device_Library/Core/Src/usbd_ctlreq.o
 .text.USBD_ParseSetupRequest
                0x0800a0fa       0x74 ./Middlewares/ST/STM32_USB_Device_Library/Core/Src/usbd_ctlreq.o
                0x0800a0fa                USBD_ParseSetupRequest
 .text.USBD_CtlError
                0x0800a16e       0x22 ./Middlewares/ST/STM32_USB_Device_Library/Core/Src/usbd_ctlreq.o
                0x0800a16e                USBD_CtlError
 .text.USBD_GetString
                0x0800a190       0xa4 ./Middlewares/ST/STM32_USB_Device_Library/Core/Src/usbd_ctlreq.o
                0x0800a190                USBD_GetString
 .text.USBD_GetLen
                0x0800a234       0x34 ./Middlewares/ST/STM32_USB_Device_Library/Core/Src/usbd_ctlreq.o
 .text.USBD_CtlSendData
                0x0800a268       0x36 ./Middlewares/ST/STM32_USB_Device_Library/Core/Src/usbd_ioreq.o
                0x0800a268                USBD_CtlSendData
 .text.USBD_CtlContinueSendData
                0x0800a29e       0x22 ./Middlewares/ST/STM32_USB_Device_Library/Core/Src/usbd_ioreq.o
                0x0800a29e                USBD_CtlContinueSendData
 .text.USBD_CtlPrepareRx
                0x0800a2c0       0x3a ./Middlewares/ST/STM32_USB_Device_Library/Core/Src/usbd_ioreq.o
                0x0800a2c0                USBD_CtlPrepareRx
 .text.USBD_CtlContinueRx
                0x0800a2fa       0x22 ./Middlewares/ST/STM32_USB_Device_Library/Core/Src/usbd_ioreq.o
                0x0800a2fa                USBD_CtlContinueRx
 .text.USBD_CtlSendStatus
                0x0800a31c       0x26 ./Middlewares/ST/STM32_USB_Device_Library/Core/Src/usbd_ioreq.o
                0x0800a31c                USBD_CtlSendStatus
 .text.USBD_CtlReceiveStatus
                0x0800a342       0x26 ./Middlewares/ST/STM32_USB_Device_Library/Core/Src/usbd_ioreq.o
                0x0800a342                USBD_CtlReceiveStatus
 .text.MX_USB_DEVICE_Init
                0x0800a368       0x64 ./USB_DEVICE/App/usb_device.o
                0x0800a368                MX_USB_DEVICE_Init
 .text.CDC_Init_HS
                0x0800a3cc       0x28 ./USB_DEVICE/App/usbd_cdc_if.o
 .text.CDC_DeInit_HS
                0x0800a3f4       0x10 ./USB_DEVICE/App/usbd_cdc_if.o
 .text.CDC_Control_HS
                0x0800a404       0xbc ./USB_DEVICE/App/usbd_cdc_if.o
 .text.CDC_Receive_HS
                0x0800a4c0       0x28 ./USB_DEVICE/App/usbd_cdc_if.o
 .text.CDC_TransmitCplt_HS
                0x0800a4e8       0x22 ./USB_DEVICE/App/usbd_cdc_if.o
 *fill*         0x0800a50a        0x2 
 .text.USBD_HS_DeviceDescriptor
                0x0800a50c       0x24 ./USB_DEVICE/App/usbd_desc.o
                0x0800a50c                USBD_HS_DeviceDescriptor
 .text.USBD_HS_LangIDStrDescriptor
                0x0800a530       0x24 ./USB_DEVICE/App/usbd_desc.o
                0x0800a530                USBD_HS_LangIDStrDescriptor
 .text.USBD_HS_ProductStrDescriptor
                0x0800a554       0x3c ./USB_DEVICE/App/usbd_desc.o
                0x0800a554                USBD_HS_ProductStrDescriptor
 .text.USBD_HS_ManufacturerStrDescriptor
                0x0800a590       0x28 ./USB_DEVICE/App/usbd_desc.o
                0x0800a590                USBD_HS_ManufacturerStrDescriptor
 .text.USBD_HS_SerialStrDescriptor
                0x0800a5b8       0x24 ./USB_DEVICE/App/usbd_desc.o
                0x0800a5b8                USBD_HS_SerialStrDescriptor
 .text.USBD_HS_ConfigStrDescriptor
                0x0800a5dc       0x3c ./USB_DEVICE/App/usbd_desc.o
                0x0800a5dc                USBD_HS_ConfigStrDescriptor
 .text.USBD_HS_InterfaceStrDescriptor
                0x0800a618       0x3c ./USB_DEVICE/App/usbd_desc.o
                0x0800a618                USBD_HS_InterfaceStrDescriptor
 .text.Get_SerialNum
                0x0800a654       0x58 ./USB_DEVICE/App/usbd_desc.o
 .text.IntToUnicode
                0x0800a6ac       0x7e ./USB_DEVICE/App/usbd_desc.o
 *fill*         0x0800a72a        0x2 
 .text.HAL_PCD_MspInit
                0x0800a72c       0xe4 ./USB_DEVICE/Target/usbd_conf.o
                0x0800a72c                HAL_PCD_MspInit
 .text.HAL_PCD_SetupStageCallback
                0x0800a810       0x24 ./USB_DEVICE/Target/usbd_conf.o
                0x0800a810                HAL_PCD_SetupStageCallback
 .text.HAL_PCD_DataOutStageCallback
                0x0800a834       0x36 ./USB_DEVICE/Target/usbd_conf.o
                0x0800a834                HAL_PCD_DataOutStageCallback
 .text.HAL_PCD_DataInStageCallback
                0x0800a86a       0x34 ./USB_DEVICE/Target/usbd_conf.o
                0x0800a86a                HAL_PCD_DataInStageCallback
 .text.HAL_PCD_SOFCallback
                0x0800a89e       0x1c ./USB_DEVICE/Target/usbd_conf.o
                0x0800a89e                HAL_PCD_SOFCallback
 .text.HAL_PCD_ResetCallback
                0x0800a8ba       0x50 ./USB_DEVICE/Target/usbd_conf.o
                0x0800a8ba                HAL_PCD_ResetCallback
 *fill*         0x0800a90a        0x2 
 .text.HAL_PCD_SuspendCallback
                0x0800a90c       0x4c ./USB_DEVICE/Target/usbd_conf.o
                0x0800a90c                HAL_PCD_SuspendCallback
 .text.HAL_PCD_ResumeCallback
                0x0800a958       0x1c ./USB_DEVICE/Target/usbd_conf.o
                0x0800a958                HAL_PCD_ResumeCallback
 .text.HAL_PCD_ISOOUTIncompleteCallback
                0x0800a974       0x24 ./USB_DEVICE/Target/usbd_conf.o
                0x0800a974                HAL_PCD_ISOOUTIncompleteCallback
 .text.HAL_PCD_ISOINIncompleteCallback
                0x0800a998       0x24 ./USB_DEVICE/Target/usbd_conf.o
                0x0800a998                HAL_PCD_ISOINIncompleteCallback
 .text.HAL_PCD_ConnectCallback
                0x0800a9bc       0x1c ./USB_DEVICE/Target/usbd_conf.o
                0x0800a9bc                HAL_PCD_ConnectCallback
 .text.HAL_PCD_DisconnectCallback
                0x0800a9d8       0x1c ./USB_DEVICE/Target/usbd_conf.o
                0x0800a9d8                HAL_PCD_DisconnectCallback
 .text.USBD_LL_Init
                0x0800a9f4       0xa4 ./USB_DEVICE/Target/usbd_conf.o
                0x0800a9f4                USBD_LL_Init
 .text.USBD_LL_Start
                0x0800aa98       0x36 ./USB_DEVICE/Target/usbd_conf.o
                0x0800aa98                USBD_LL_Start
 .text.USBD_LL_OpenEP
                0x0800aace       0x4c ./USB_DEVICE/Target/usbd_conf.o
                0x0800aace                USBD_LL_OpenEP
 .text.USBD_LL_CloseEP
                0x0800ab1a       0x3e ./USB_DEVICE/Target/usbd_conf.o
                0x0800ab1a                USBD_LL_CloseEP
 .text.USBD_LL_StallEP
                0x0800ab58       0x3e ./USB_DEVICE/Target/usbd_conf.o
                0x0800ab58                USBD_LL_StallEP
 .text.USBD_LL_ClearStallEP
                0x0800ab96       0x3e ./USB_DEVICE/Target/usbd_conf.o
                0x0800ab96                USBD_LL_ClearStallEP
 .text.USBD_LL_IsStallEP
                0x0800abd4       0x58 ./USB_DEVICE/Target/usbd_conf.o
                0x0800abd4                USBD_LL_IsStallEP
 .text.USBD_LL_SetUSBAddress
                0x0800ac2c       0x3e ./USB_DEVICE/Target/usbd_conf.o
                0x0800ac2c                USBD_LL_SetUSBAddress
 .text.USBD_LL_Transmit
                0x0800ac6a       0x42 ./USB_DEVICE/Target/usbd_conf.o
                0x0800ac6a                USBD_LL_Transmit
 .text.USBD_LL_PrepareReceive
                0x0800acac       0x42 ./USB_DEVICE/Target/usbd_conf.o
                0x0800acac                USBD_LL_PrepareReceive
 .text.USBD_LL_GetRxDataSize
                0x0800acee       0x26 ./USB_DEVICE/Target/usbd_conf.o
                0x0800acee                USBD_LL_GetRxDataSize
 .text.USBD_static_malloc
                0x0800ad14       0x1c ./USB_DEVICE/Target/usbd_conf.o
                0x0800ad14                USBD_static_malloc
 .text.USBD_static_free
                0x0800ad30       0x14 ./USB_DEVICE/Target/usbd_conf.o
                0x0800ad30                USBD_static_free
 .text.USBD_Get_USB_Status
                0x0800ad44       0x58 ./USB_DEVICE/Target/usbd_conf.o
                0x0800ad44                USBD_Get_USB_Status
 .text.memset   0x0800ad9c       0x10 C:/ST/STM32CubeIDE_1.16.1/STM32CubeIDE/plugins/com.st.stm32cube.ide.mcu.externaltools.gnu-tools-for-stm32.12.3.rel1.win32_1.0.200.202406191623/tools/bin/../lib/gcc/arm-none-eabi/12.3.1/../../../../arm-none-eabi/lib/thumb/v7e-m+dp/hard\libc_nano.a(libc_a-memset.o)
                0x0800ad9c                memset
 .text.__libc_init_array
                0x0800adac       0x48 C:/ST/STM32CubeIDE_1.16.1/STM32CubeIDE/plugins/com.st.stm32cube.ide.mcu.externaltools.gnu-tools-for-stm32.12.3.rel1.win32_1.0.200.202406191623/tools/bin/../lib/gcc/arm-none-eabi/12.3.1/../../../../arm-none-eabi/lib/thumb/v7e-m+dp/hard\libc_nano.a(libc_a-init.o)
                0x0800adac                __libc_init_array
 *(.glue_7)
 .glue_7        0x0800adf4        0x0 linker stubs
 *(.glue_7t)
 .glue_7t       0x0800adf4        0x0 linker stubs
 *(.eh_frame)
 .eh_frame      0x0800adf4        0x0 C:/ST/STM32CubeIDE_1.16.1/STM32CubeIDE/plugins/com.st.stm32cube.ide.mcu.externaltools.gnu-tools-for-stm32.12.3.rel1.win32_1.0.200.202406191623/tools/bin/../lib/gcc/arm-none-eabi/12.3.1/thumb/v7e-m+dp/hard/crtbegin.o
 *(.init)
 .init          0x0800adf4        0x4 C:/ST/STM32CubeIDE_1.16.1/STM32CubeIDE/plugins/com.st.stm32cube.ide.mcu.externaltools.gnu-tools-for-stm32.12.3.rel1.win32_1.0.200.202406191623/tools/bin/../lib/gcc/arm-none-eabi/12.3.1/thumb/v7e-m+dp/hard/crti.o
                0x0800adf4                _init
 .init          0x0800adf8        0x8 C:/ST/STM32CubeIDE_1.16.1/STM32CubeIDE/plugins/com.st.stm32cube.ide.mcu.externaltools.gnu-tools-for-stm32.12.3.rel1.win32_1.0.200.202406191623/tools/bin/../lib/gcc/arm-none-eabi/12.3.1/thumb/v7e-m+dp/hard/crtn.o
 *(.fini)
 .fini          0x0800ae00        0x4 C:/ST/STM32CubeIDE_1.16.1/STM32CubeIDE/plugins/com.st.stm32cube.ide.mcu.externaltools.gnu-tools-for-stm32.12.3.rel1.win32_1.0.200.202406191623/tools/bin/../lib/gcc/arm-none-eabi/12.3.1/thumb/v7e-m+dp/hard/crti.o
                0x0800ae00                _fini
 .fini          0x0800ae04        0x8 C:/ST/STM32CubeIDE_1.16.1/STM32CubeIDE/plugins/com.st.stm32cube.ide.mcu.externaltools.gnu-tools-for-stm32.12.3.rel1.win32_1.0.200.202406191623/tools/bin/../lib/gcc/arm-none-eabi/12.3.1/thumb/v7e-m+dp/hard/crtn.o
                0x0800ae0c                        . = ALIGN (0x4)
                0x0800ae0c                        _etext = .

.vfp11_veneer   0x0800ae0c        0x0
 .vfp11_veneer  0x0800ae0c        0x0 linker stubs

.v4_bx          0x0800ae0c        0x0
 .v4_bx         0x0800ae0c        0x0 linker stubs

.iplt           0x0800ae0c        0x0
 .iplt          0x0800ae0c        0x0 C:/ST/STM32CubeIDE_1.16.1/STM32CubeIDE/plugins/com.st.stm32cube.ide.mcu.externaltools.gnu-tools-for-stm32.12.3.rel1.win32_1.0.200.202406191623/tools/bin/../lib/gcc/arm-none-eabi/12.3.1/thumb/v7e-m+dp/hard/crtbegin.o

.rodata         0x0800ae0c       0x90
                0x0800ae0c                        . = ALIGN (0x4)
 *(.rodata)
 .rodata        0x0800ae0c       0x10 ./Core/Src/main.o
 .rodata        0x0800ae1c       0x46 ./USB_DEVICE/App/usbd_desc.o
 *(.rodata*)
 *fill*         0x0800ae62        0x2 
 .rodata.D1CorePrescTable
                0x0800ae64       0x10 ./Core/Src/system_stm32h7xx.o
                0x0800ae64                D1CorePrescTable
 .rodata.UARTPrescTable
                0x0800ae74       0x18 ./Drivers/STM32H7xx_HAL_Driver/Src/stm32h7xx_hal_uart.o
                0x0800ae74                UARTPrescTable
 .rodata.numerator.1
                0x0800ae8c        0x8 ./Drivers/STM32H7xx_HAL_Driver/Src/stm32h7xx_hal_uart_ex.o
 .rodata.denominator.0
                0x0800ae94        0x8 ./Drivers/STM32H7xx_HAL_Driver/Src/stm32h7xx_hal_uart_ex.o
                0x0800ae9c                        . = ALIGN (0x4)

.ARM.extab
 *(.ARM.extab* .gnu.linkonce.armextab.*)

.ARM            0x0800ae9c        0x8
                0x0800ae9c                        __exidx_start = .
 *(.ARM.exidx*)
 .ARM.exidx     0x0800ae9c        0x8 C:/ST/STM32CubeIDE_1.16.1/STM32CubeIDE/plugins/com.st.stm32cube.ide.mcu.externaltools.gnu-tools-for-stm32.12.3.rel1.win32_1.0.200.202406191623/tools/bin/../lib/gcc/arm-none-eabi/12.3.1/thumb/v7e-m+dp/hard\libgcc.a(_udivmoddi4.o)
                0x0800aea4                        __exidx_end = .

.preinit_array  0x0800aea4        0x0
                0x0800aea4                        PROVIDE (__preinit_array_start = .)
 *(.preinit_array*)
                0x0800aea4                        PROVIDE (__preinit_array_end = .)

.init_array     0x0800aea4        0x4
                0x0800aea4                        PROVIDE (__init_array_start = .)
 *(SORT_BY_NAME(.init_array.*))
 *(.init_array*)
 .init_array    0x0800aea4        0x4 C:/ST/STM32CubeIDE_1.16.1/STM32CubeIDE/plugins/com.st.stm32cube.ide.mcu.externaltools.gnu-tools-for-stm32.12.3.rel1.win32_1.0.200.202406191623/tools/bin/../lib/gcc/arm-none-eabi/12.3.1/thumb/v7e-m+dp/hard/crtbegin.o
                0x0800aea8                        PROVIDE (__init_array_end = .)

.fini_array     0x0800aea8        0x4
                [!provide]                        PROVIDE (__fini_array_start = .)
 *(SORT_BY_NAME(.fini_array.*))
 *(.fini_array*)
 .fini_array    0x0800aea8        0x4 C:/ST/STM32CubeIDE_1.16.1/STM32CubeIDE/plugins/com.st.stm32cube.ide.mcu.externaltools.gnu-tools-for-stm32.12.3.rel1.win32_1.0.200.202406191623/tools/bin/../lib/gcc/arm-none-eabi/12.3.1/thumb/v7e-m+dp/hard/crtbegin.o
                [!provide]                        PROVIDE (__fini_array_end = .)
                0x0800aeac                        _sidata = LOADADDR (.data)

.rel.dyn        0x0800aeac        0x0
 .rel.iplt      0x0800aeac        0x0 C:/ST/STM32CubeIDE_1.16.1/STM32CubeIDE/plugins/com.st.stm32cube.ide.mcu.externaltools.gnu-tools-for-stm32.12.3.rel1.win32_1.0.200.202406191623/tools/bin/../lib/gcc/arm-none-eabi/12.3.1/thumb/v7e-m+dp/hard/crtbegin.o

.data           0x24000000      0x104 load address 0x0800aeac
                0x24000000                        . = ALIGN (0x4)
                0x24000000                        _sdata = .
 *(.data)
 *(.data*)
 .data.SystemCoreClock
                0x24000000        0x4 ./Core/Src/system_stm32h7xx.o
                0x24000000                SystemCoreClock
 .data.SystemD2Clock
                0x24000004        0x4 ./Core/Src/system_stm32h7xx.o
                0x24000004                SystemD2Clock
 .data.uwTickPrio
                0x24000008        0x4 ./Drivers/STM32H7xx_HAL_Driver/Src/stm32h7xx_hal.o
                0x24000008                uwTickPrio
 .data.uwTickFreq
                0x2400000c        0x1 ./Drivers/STM32H7xx_HAL_Driver/Src/stm32h7xx_hal.o
                0x2400000c                uwTickFreq
 *fill*         0x2400000d        0x3 
 .data.USBD_CDC_DeviceQualifierDesc
                0x24000010        0xa ./Middlewares/ST/STM32_USB_Device_Library/Class/CDC/Src/usbd_cdc.o
 *fill*         0x2400001a        0x2 
 .data.USBD_CDC
                0x2400001c       0x38 ./Middlewares/ST/STM32_USB_Device_Library/Class/CDC/Src/usbd_cdc.o
                0x2400001c                USBD_CDC
 .data.USBD_CDC_CfgDesc
                0x24000054       0x43 ./Middlewares/ST/STM32_USB_Device_Library/Class/CDC/Src/usbd_cdc.o
 .data.CDCInEpAdd
                0x24000097        0x1 ./Middlewares/ST/STM32_USB_Device_Library/Class/CDC/Src/usbd_cdc.o
 .data.CDCOutEpAdd
                0x24000098        0x1 ./Middlewares/ST/STM32_USB_Device_Library/Class/CDC/Src/usbd_cdc.o
 .data.CDCCmdEpAdd
                0x24000099        0x1 ./Middlewares/ST/STM32_USB_Device_Library/Class/CDC/Src/usbd_cdc.o
 *fill*         0x2400009a        0x2 
 .data.USBD_Interface_fops_HS
                0x2400009c       0x14 ./USB_DEVICE/App/usbd_cdc_if.o
                0x2400009c                USBD_Interface_fops_HS
 .data.HS_Desc  0x240000b0       0x20 ./USB_DEVICE/App/usbd_desc.o
                0x240000b0                HS_Desc
 .data.USBD_HS_DeviceDesc
                0x240000d0       0x12 ./USB_DEVICE/App/usbd_desc.o
                0x240000d0                USBD_HS_DeviceDesc
 *fill*         0x240000e2        0x2 
 .data.USBD_LangIDDesc
                0x240000e4        0x4 ./USB_DEVICE/App/usbd_desc.o
                0x240000e4                USBD_LangIDDesc
 .data.USBD_StringSerial
                0x240000e8       0x1a ./USB_DEVICE/App/usbd_desc.o
                0x240000e8                USBD_StringSerial
 *(.RamFunc)
 *(.RamFunc*)
                0x24000104                        . = ALIGN (0x4)
 *fill*         0x24000102        0x2 
                0x24000104                        _edata = .

.igot.plt       0x24000104        0x0 load address 0x0800afb0
 .igot.plt      0x24000104        0x0 C:/ST/STM32CubeIDE_1.16.1/STM32CubeIDE/plugins/com.st.stm32cube.ide.mcu.externaltools.gnu-tools-for-stm32.12.3.rel1.win32_1.0.200.202406191623/tools/bin/../lib/gcc/arm-none-eabi/12.3.1/thumb/v7e-m+dp/hard/crtbegin.o
                0x24000104                        . = ALIGN (0x4)

.bss            0x24000104     0x1d2c load address 0x0800afb0
                0x24000104                        _sbss = .
                0x24000104                        __bss_start__ = _sbss
 *(.bss)
 .bss           0x24000104       0x1c C:/ST/STM32CubeIDE_1.16.1/STM32CubeIDE/plugins/com.st.stm32cube.ide.mcu.externaltools.gnu-tools-for-stm32.12.3.rel1.win32_1.0.200.202406191623/tools/bin/../lib/gcc/arm-none-eabi/12.3.1/thumb/v7e-m+dp/hard/crtbegin.o
 *(.bss*)
 .bss.huart1    0x24000120       0x94 ./Core/Src/main.o
                0x24000120                huart1
 .bss.huart2    0x240001b4       0x94 ./Core/Src/main.o
                0x240001b4                huart2
 .bss.uwTick    0x24000248        0x4 ./Drivers/STM32H7xx_HAL_Driver/Src/stm32h7xx_hal.o
                0x24000248                uwTick
 .bss.cfgidx.0  0x2400024c        0x1 ./Middlewares/ST/STM32_USB_Device_Library/Core/Src/usbd_ctlreq.o
 *fill*         0x2400024d        0x3 
 .bss.hUsbDeviceHS
                0x24000250      0x2dc ./USB_DEVICE/App/usb_device.o
                0x24000250                hUsbDeviceHS
 .bss.UserRxBufferHS
                0x2400052c      0x800 ./USB_DEVICE/App/usbd_cdc_if.o
                0x2400052c                UserRxBufferHS
 .bss.UserTxBufferHS
                0x24000d2c      0x800 ./USB_DEVICE/App/usbd_cdc_if.o
                0x24000d2c                UserTxBufferHS
 .bss.USBD_StrDesc
                0x2400152c      0x200 ./USB_DEVICE/App/usbd_desc.o
                0x2400152c                USBD_StrDesc
 .bss.hpcd_USB_OTG_HS
                0x2400172c      0x4e4 ./USB_DEVICE/Target/usbd_conf.o
                0x2400172c                hpcd_USB_OTG_HS
 .bss.mem.0     0x24001c10      0x220 ./USB_DEVICE/Target/usbd_conf.o
 *(COMMON)
                0x24001e30                        . = ALIGN (0x4)
                0x24001e30                        _ebss = .
                0x24001e30                        __bss_end__ = _ebss

._user_heap_stack
                0x24001e30      0x600 load address 0x0800afb0
                0x24001e30                        . = ALIGN (0x8)
                [!provide]                        PROVIDE (end = .)
                0x24001e30                        PROVIDE (_end = .)
                0x24002030                        . = (. + _Min_Heap_Size)
 *fill*         0x24001e30      0x200 
                0x24002430                        . = (. + _Min_Stack_Size)
 *fill*         0x24002030      0x400 
                0x24002430                        . = ALIGN (0x8)

/DISCARD/
 libc.a(*)
 libm.a(*)
 libgcc.a(*)

.ARM.attributes
                0x00000000       0x2e
 *(.ARM.attributes)
 .ARM.attributes
                0x00000000       0x20 C:/ST/STM32CubeIDE_1.16.1/STM32CubeIDE/plugins/com.st.stm32cube.ide.mcu.externaltools.gnu-tools-for-stm32.12.3.rel1.win32_1.0.200.202406191623/tools/bin/../lib/gcc/arm-none-eabi/12.3.1/thumb/v7e-m+dp/hard/crti.o
 .ARM.attributes
                0x00000020       0x32 C:/ST/STM32CubeIDE_1.16.1/STM32CubeIDE/plugins/com.st.stm32cube.ide.mcu.externaltools.gnu-tools-for-stm32.12.3.rel1.win32_1.0.200.202406191623/tools/bin/../lib/gcc/arm-none-eabi/12.3.1/thumb/v7e-m+dp/hard/crtbegin.o
 .ARM.attributes
                0x00000052       0x32 ./Core/Src/main.o
 .ARM.attributes
                0x00000084       0x32 ./Core/Src/stm32h7xx_hal_msp.o
 .ARM.attributes
                0x000000b6       0x32 ./Core/Src/stm32h7xx_it.o
 .ARM.attributes
                0x000000e8       0x32 ./Core/Src/system_stm32h7xx.o
 .ARM.attributes
                0x0000011a       0x21 ./Core/Startup/startup_stm32h7a3ritx.o
 .ARM.attributes
                0x0000013b       0x32 ./Drivers/STM32H7xx_HAL_Driver/Src/stm32h7xx_hal.o
 .ARM.attributes
                0x0000016d       0x32 ./Drivers/STM32H7xx_HAL_Driver/Src/stm32h7xx_hal_cortex.o
 .ARM.attributes
                0x0000019f       0x32 ./Drivers/STM32H7xx_HAL_Driver/Src/stm32h7xx_hal_gpio.o
 .ARM.attributes
                0x000001d1       0x32 ./Drivers/STM32H7xx_HAL_Driver/Src/stm32h7xx_hal_pcd.o
 .ARM.attributes
                0x00000203       0x32 ./Drivers/STM32H7xx_HAL_Driver/Src/stm32h7xx_hal_pcd_ex.o
 .ARM.attributes
                0x00000235       0x32 ./Drivers/STM32H7xx_HAL_Driver/Src/stm32h7xx_hal_pwr_ex.o
 .ARM.attributes
                0x00000267       0x32 ./Drivers/STM32H7xx_HAL_Driver/Src/stm32h7xx_hal_rcc.o
 .ARM.attributes
                0x00000299       0x32 ./Drivers/STM32H7xx_HAL_Driver/Src/stm32h7xx_hal_rcc_ex.o
 .ARM.attributes
                0x000002cb       0x32 ./Drivers/STM32H7xx_HAL_Driver/Src/stm32h7xx_hal_uart.o
 .ARM.attributes
                0x000002fd       0x32 ./Drivers/STM32H7xx_HAL_Driver/Src/stm32h7xx_hal_uart_ex.o
 .ARM.attributes
                0x0000032f       0x32 ./Drivers/STM32H7xx_HAL_Driver/Src/stm32h7xx_ll_usb.o
 .ARM.attributes
                0x00000361       0x32 ./Middlewares/ST/STM32_USB_Device_Library/Class/CDC/Src/usbd_cdc.o
 .ARM.attributes
                0x00000393       0x32 ./Middlewares/ST/STM32_USB_Device_Library/Core/Src/usbd_core.o
 .ARM.attributes
                0x000003c5       0x32 ./Middlewares/ST/STM32_USB_Device_Library/Core/Src/usbd_ctlreq.o
 .ARM.attributes
                0x000003f7       0x32 ./Middlewares/ST/STM32_USB_Device_Library/Core/Src/usbd_ioreq.o
 .ARM.attributes
                0x00000429       0x32 ./USB_DEVICE/App/usb_device.o
 .ARM.attributes
                0x0000045b       0x32 ./USB_DEVICE/App/usbd_cdc_if.o
 .ARM.attributes
                0x0000048d       0x32 ./USB_DEVICE/App/usbd_desc.o
 .ARM.attributes
                0x000004bf       0x32 ./USB_DEVICE/Target/usbd_conf.o
 .ARM.attributes
                0x000004f1       0x32 C:/ST/STM32CubeIDE_1.16.1/STM32CubeIDE/plugins/com.st.stm32cube.ide.mcu.externaltools.gnu-tools-for-stm32.12.3.rel1.win32_1.0.200.202406191623/tools/bin/../lib/gcc/arm-none-eabi/12.3.1/../../../../arm-none-eabi/lib/thumb/v7e-m+dp/hard\libc_nano.a(libc_a-memset.o)
 .ARM.attributes
                0x00000523       0x32 C:/ST/STM32CubeIDE_1.16.1/STM32CubeIDE/plugins/com.st.stm32cube.ide.mcu.externaltools.gnu-tools-for-stm32.12.3.rel1.win32_1.0.200.202406191623/tools/bin/../lib/gcc/arm-none-eabi/12.3.1/../../../../arm-none-eabi/lib/thumb/v7e-m+dp/hard\libc_nano.a(libc_a-init.o)
 .ARM.attributes
                0x00000555       0x20 C:/ST/STM32CubeIDE_1.16.1/STM32CubeIDE/plugins/com.st.stm32cube.ide.mcu.externaltools.gnu-tools-for-stm32.12.3.rel1.win32_1.0.200.202406191623/tools/bin/../lib/gcc/arm-none-eabi/12.3.1/thumb/v7e-m+dp/hard\libgcc.a(_aeabi_uldivmod.o)
 .ARM.attributes
                0x00000575       0x32 C:/ST/STM32CubeIDE_1.16.1/STM32CubeIDE/plugins/com.st.stm32cube.ide.mcu.externaltools.gnu-tools-for-stm32.12.3.rel1.win32_1.0.200.202406191623/tools/bin/../lib/gcc/arm-none-eabi/12.3.1/thumb/v7e-m+dp/hard\libgcc.a(_udivmoddi4.o)
 .ARM.attributes
                0x000005a7       0x20 C:/ST/STM32CubeIDE_1.16.1/STM32CubeIDE/plugins/com.st.stm32cube.ide.mcu.externaltools.gnu-tools-for-stm32.12.3.rel1.win32_1.0.200.202406191623/tools/bin/../lib/gcc/arm-none-eabi/12.3.1/thumb/v7e-m+dp/hard\libgcc.a(_dvmd_tls.o)
 .ARM.attributes
                0x000005c7       0x20 C:/ST/STM32CubeIDE_1.16.1/STM32CubeIDE/plugins/com.st.stm32cube.ide.mcu.externaltools.gnu-tools-for-stm32.12.3.rel1.win32_1.0.200.202406191623/tools/bin/../lib/gcc/arm-none-eabi/12.3.1/thumb/v7e-m+dp/hard/crtn.o
OUTPUT(First_Test_Freq_Meas.elf elf32-littlearm)
LOAD linker stubs
LOAD C:/ST/STM32CubeIDE_1.16.1/STM32CubeIDE/plugins/com.st.stm32cube.ide.mcu.externaltools.gnu-tools-for-stm32.12.3.rel1.win32_1.0.200.202406191623/tools/bin/../lib/gcc/arm-none-eabi/12.3.1/../../../../arm-none-eabi/lib/thumb/v7e-m+dp/hard\libc.a
LOAD C:/ST/STM32CubeIDE_1.16.1/STM32CubeIDE/plugins/com.st.stm32cube.ide.mcu.externaltools.gnu-tools-for-stm32.12.3.rel1.win32_1.0.200.202406191623/tools/bin/../lib/gcc/arm-none-eabi/12.3.1/../../../../arm-none-eabi/lib/thumb/v7e-m+dp/hard\libm.a
LOAD C:/ST/STM32CubeIDE_1.16.1/STM32CubeIDE/plugins/com.st.stm32cube.ide.mcu.externaltools.gnu-tools-for-stm32.12.3.rel1.win32_1.0.200.202406191623/tools/bin/../lib/gcc/arm-none-eabi/12.3.1/thumb/v7e-m+dp/hard\libgcc.a

.debug_info     0x00000000    0x19bd0
 .debug_info    0x00000000     0x1367 ./Core/Src/main.o
 .debug_info    0x00001367     0x1447 ./Core/Src/stm32h7xx_hal_msp.o
 .debug_info    0x000027ae      0x6db ./Core/Src/stm32h7xx_it.o
 .debug_info    0x00002e89      0xc73 ./Core/Src/system_stm32h7xx.o
 .debug_info    0x00003afc       0x30 ./Core/Startup/startup_stm32h7a3ritx.o
 .debug_info    0x00003b2c     0x13f1 ./Drivers/STM32H7xx_HAL_Driver/Src/stm32h7xx_hal.o
 .debug_info    0x00004f1d     0x108e ./Drivers/STM32H7xx_HAL_Driver/Src/stm32h7xx_hal_cortex.o
 .debug_info    0x00005fab      0xb2b ./Drivers/STM32H7xx_HAL_Driver/Src/stm32h7xx_hal_gpio.o
 .debug_info    0x00006ad6     0x1561 ./Drivers/STM32H7xx_HAL_Driver/Src/stm32h7xx_hal_pcd.o
 .debug_info    0x00008037      0x8b3 ./Drivers/STM32H7xx_HAL_Driver/Src/stm32h7xx_hal_pcd_ex.o
 .debug_info    0x000088ea      0xef7 ./Drivers/STM32H7xx_HAL_Driver/Src/stm32h7xx_hal_pwr_ex.o
 .debug_info    0x000097e1      0xea1 ./Drivers/STM32H7xx_HAL_Driver/Src/stm32h7xx_hal_rcc.o
 .debug_info    0x0000a682     0x11fd ./Drivers/STM32H7xx_HAL_Driver/Src/stm32h7xx_hal_rcc_ex.o
 .debug_info    0x0000b87f     0x4b32 ./Drivers/STM32H7xx_HAL_Driver/Src/stm32h7xx_hal_uart.o
 .debug_info    0x000103b1      0xfbf ./Drivers/STM32H7xx_HAL_Driver/Src/stm32h7xx_hal_uart_ex.o
 .debug_info    0x00011370     0x1a1e ./Drivers/STM32H7xx_HAL_Driver/Src/stm32h7xx_ll_usb.o
 .debug_info    0x00012d8e     0x133d ./Middlewares/ST/STM32_USB_Device_Library/Class/CDC/Src/usbd_cdc.o
 .debug_info    0x000140cb      0xe20 ./Middlewares/ST/STM32_USB_Device_Library/Core/Src/usbd_core.o
 .debug_info    0x00014eeb      0xaf9 ./Middlewares/ST/STM32_USB_Device_Library/Core/Src/usbd_ctlreq.o
 .debug_info    0x000159e4      0x770 ./Middlewares/ST/STM32_USB_Device_Library/Core/Src/usbd_ioreq.o
 .debug_info    0x00016154      0x725 ./USB_DEVICE/App/usb_device.o
 .debug_info    0x00016879      0x915 ./USB_DEVICE/App/usbd_cdc_if.o
 .debug_info    0x0001718e      0x4c5 ./USB_DEVICE/App/usbd_desc.o
 .debug_info    0x00017653     0x257d ./USB_DEVICE/Target/usbd_conf.o

.debug_abbrev   0x00000000     0x389d
 .debug_abbrev  0x00000000      0x2de ./Core/Src/main.o
 .debug_abbrev  0x000002de      0x21d ./Core/Src/stm32h7xx_hal_msp.o
 .debug_abbrev  0x000004fb      0x1a4 ./Core/Src/stm32h7xx_it.o
 .debug_abbrev  0x0000069f      0x14a ./Core/Src/system_stm32h7xx.o
 .debug_abbrev  0x000007e9       0x24 ./Core/Startup/startup_stm32h7a3ritx.o
 .debug_abbrev  0x0000080d      0x291 ./Drivers/STM32H7xx_HAL_Driver/Src/stm32h7xx_hal.o
 .debug_abbrev  0x00000a9e      0x339 ./Drivers/STM32H7xx_HAL_Driver/Src/stm32h7xx_hal_cortex.o
 .debug_abbrev  0x00000dd7      0x1fa ./Drivers/STM32H7xx_HAL_Driver/Src/stm32h7xx_hal_gpio.o
 .debug_abbrev  0x00000fd1      0x2dc ./Drivers/STM32H7xx_HAL_Driver/Src/stm32h7xx_hal_pcd.o
 .debug_abbrev  0x000012ad      0x256 ./Drivers/STM32H7xx_HAL_Driver/Src/stm32h7xx_hal_pcd_ex.o
 .debug_abbrev  0x00001503      0x297 ./Drivers/STM32H7xx_HAL_Driver/Src/stm32h7xx_hal_pwr_ex.o
 .debug_abbrev  0x0000179a      0x2c5 ./Drivers/STM32H7xx_HAL_Driver/Src/stm32h7xx_hal_rcc.o
 .debug_abbrev  0x00001a5f      0x27a ./Drivers/STM32H7xx_HAL_Driver/Src/stm32h7xx_hal_rcc_ex.o
 .debug_abbrev  0x00001cd9      0x34e ./Drivers/STM32H7xx_HAL_Driver/Src/stm32h7xx_hal_uart.o
 .debug_abbrev  0x00002027      0x2d2 ./Drivers/STM32H7xx_HAL_Driver/Src/stm32h7xx_hal_uart_ex.o
 .debug_abbrev  0x000022f9      0x2b3 ./Drivers/STM32H7xx_HAL_Driver/Src/stm32h7xx_ll_usb.o
 .debug_abbrev  0x000025ac      0x2d2 ./Middlewares/ST/STM32_USB_Device_Library/Class/CDC/Src/usbd_cdc.o
 .debug_abbrev  0x0000287e      0x27c ./Middlewares/ST/STM32_USB_Device_Library/Core/Src/usbd_core.o
 .debug_abbrev  0x00002afa      0x26f ./Middlewares/ST/STM32_USB_Device_Library/Core/Src/usbd_ctlreq.o
 .debug_abbrev  0x00002d69      0x19a ./Middlewares/ST/STM32_USB_Device_Library/Core/Src/usbd_ioreq.o
 .debug_abbrev  0x00002f03      0x1a8 ./USB_DEVICE/App/usb_device.o
 .debug_abbrev  0x000030ab      0x29d ./USB_DEVICE/App/usbd_cdc_if.o
 .debug_abbrev  0x00003348      0x1f5 ./USB_DEVICE/App/usbd_desc.o
 .debug_abbrev  0x0000353d      0x360 ./USB_DEVICE/Target/usbd_conf.o

.debug_aranges  0x00000000     0x11c8
 .debug_aranges
                0x00000000       0x50 ./Core/Src/main.o
 .debug_aranges
                0x00000050       0x30 ./Core/Src/stm32h7xx_hal_msp.o
 .debug_aranges
                0x00000080       0x78 ./Core/Src/stm32h7xx_it.o
 .debug_aranges
                0x000000f8       0x28 ./Core/Src/system_stm32h7xx.o
 .debug_aranges
                0x00000120       0x28 ./Core/Startup/startup_stm32h7a3ritx.o
 .debug_aranges
                0x00000148      0x1a0 ./Drivers/STM32H7xx_HAL_Driver/Src/stm32h7xx_hal.o
 .debug_aranges
                0x000002e8      0x130 ./Drivers/STM32H7xx_HAL_Driver/Src/stm32h7xx_hal_cortex.o
 .debug_aranges
                0x00000418       0x58 ./Drivers/STM32H7xx_HAL_Driver/Src/stm32h7xx_hal_gpio.o
 .debug_aranges
                0x00000470      0x140 ./Drivers/STM32H7xx_HAL_Driver/Src/stm32h7xx_hal_pcd.o
 .debug_aranges
                0x000005b0       0x60 ./Drivers/STM32H7xx_HAL_Driver/Src/stm32h7xx_hal_pcd_ex.o
 .debug_aranges
                0x00000610      0x188 ./Drivers/STM32H7xx_HAL_Driver/Src/stm32h7xx_hal_pwr_ex.o
 .debug_aranges
                0x00000798       0x88 ./Drivers/STM32H7xx_HAL_Driver/Src/stm32h7xx_hal_rcc.o
 .debug_aranges
                0x00000820       0xf0 ./Drivers/STM32H7xx_HAL_Driver/Src/stm32h7xx_hal_rcc_ex.o
 .debug_aranges
                0x00000910      0x248 ./Drivers/STM32H7xx_HAL_Driver/Src/stm32h7xx_hal_uart.o
 .debug_aranges
                0x00000b58       0xa8 ./Drivers/STM32H7xx_HAL_Driver/Src/stm32h7xx_hal_uart_ex.o
 .debug_aranges
                0x00000c00      0x1a0 ./Drivers/STM32H7xx_HAL_Driver/Src/stm32h7xx_ll_usb.o
 .debug_aranges
                0x00000da0       0x90 ./Middlewares/ST/STM32_USB_Device_Library/Class/CDC/Src/usbd_cdc.o
 .debug_aranges
                0x00000e30       0xd8 ./Middlewares/ST/STM32_USB_Device_Library/Core/Src/usbd_core.o
 .debug_aranges
                0x00000f08       0x90 ./Middlewares/ST/STM32_USB_Device_Library/Core/Src/usbd_ctlreq.o
 .debug_aranges
                0x00000f98       0x50 ./Middlewares/ST/STM32_USB_Device_Library/Core/Src/usbd_ioreq.o
 .debug_aranges
                0x00000fe8       0x20 ./USB_DEVICE/App/usb_device.o
 .debug_aranges
                0x00001008       0x48 ./USB_DEVICE/App/usbd_cdc_if.o
 .debug_aranges
                0x00001050       0x68 ./USB_DEVICE/App/usbd_desc.o
 .debug_aranges
                0x000010b8      0x110 ./USB_DEVICE/Target/usbd_conf.o

.debug_rnglists
                0x00000000      0xd84
 .debug_rnglists
                0x00000000       0x3b ./Core/Src/main.o
 .debug_rnglists
                0x0000003b       0x20 ./Core/Src/stm32h7xx_hal_msp.o
 .debug_rnglists
                0x0000005b       0x55 ./Core/Src/stm32h7xx_it.o
 .debug_rnglists
                0x000000b0       0x1b ./Core/Src/system_stm32h7xx.o
 .debug_rnglists
                0x000000cb       0x19 ./Core/Startup/startup_stm32h7a3ritx.o
 .debug_rnglists
                0x000000e4      0x137 ./Drivers/STM32H7xx_HAL_Driver/Src/stm32h7xx_hal.o
 .debug_rnglists
                0x0000021b       0xe0 ./Drivers/STM32H7xx_HAL_Driver/Src/stm32h7xx_hal_cortex.o
 .debug_rnglists
                0x000002fb       0x3f ./Drivers/STM32H7xx_HAL_Driver/Src/stm32h7xx_hal_gpio.o
 .debug_rnglists
                0x0000033a       0xf4 ./Drivers/STM32H7xx_HAL_Driver/Src/stm32h7xx_hal_pcd.o
 .debug_rnglists
                0x0000042e       0x45 ./Drivers/STM32H7xx_HAL_Driver/Src/stm32h7xx_hal_pcd_ex.o
 .debug_rnglists
                0x00000473      0x126 ./Drivers/STM32H7xx_HAL_Driver/Src/stm32h7xx_hal_pwr_ex.o
 .debug_rnglists
                0x00000599       0x68 ./Drivers/STM32H7xx_HAL_Driver/Src/stm32h7xx_hal_rcc.o
 .debug_rnglists
                0x00000601       0xba ./Drivers/STM32H7xx_HAL_Driver/Src/stm32h7xx_hal_rcc_ex.o
 .debug_rnglists
                0x000006bb      0x1fa ./Drivers/STM32H7xx_HAL_Driver/Src/stm32h7xx_hal_uart.o
 .debug_rnglists
                0x000008b5       0x7f ./Drivers/STM32H7xx_HAL_Driver/Src/stm32h7xx_hal_uart_ex.o
 .debug_rnglists
                0x00000934      0x147 ./Drivers/STM32H7xx_HAL_Driver/Src/stm32h7xx_ll_usb.o
 .debug_rnglists
                0x00000a7b       0x6c ./Middlewares/ST/STM32_USB_Device_Library/Class/CDC/Src/usbd_cdc.o
 .debug_rnglists
                0x00000ae7       0xa1 ./Middlewares/ST/STM32_USB_Device_Library/Core/Src/usbd_core.o
 .debug_rnglists
                0x00000b88       0x6e ./Middlewares/ST/STM32_USB_Device_Library/Core/Src/usbd_ctlreq.o
 .debug_rnglists
                0x00000bf6       0x37 ./Middlewares/ST/STM32_USB_Device_Library/Core/Src/usbd_ioreq.o
 .debug_rnglists
                0x00000c2d       0x13 ./USB_DEVICE/App/usb_device.o
 .debug_rnglists
                0x00000c40       0x32 ./USB_DEVICE/App/usbd_cdc_if.o
 .debug_rnglists
                0x00000c72       0x49 ./USB_DEVICE/App/usbd_desc.o
 .debug_rnglists
                0x00000cbb       0xc9 ./USB_DEVICE/Target/usbd_conf.o

.debug_macro    0x00000000    0x31fc8
 .debug_macro   0x00000000      0x387 ./Core/Src/main.o
 .debug_macro   0x00000387      0xacc ./Core/Src/main.o
 .debug_macro   0x00000e53      0x238 ./Core/Src/main.o
 .debug_macro   0x0000108b       0x2e ./Core/Src/main.o
 .debug_macro   0x000010b9       0x3b ./Core/Src/main.o
 .debug_macro   0x000010f4       0x22 ./Core/Src/main.o
 .debug_macro   0x00001116       0x8e ./Core/Src/main.o
 .debug_macro   0x000011a4       0x51 ./Core/Src/main.o
 .debug_macro   0x000011f5      0x103 ./Core/Src/main.o
 .debug_macro   0x000012f8       0x6a ./Core/Src/main.o
 .debug_macro   0x00001362      0x1df ./Core/Src/main.o
 .debug_macro   0x00001541       0x1c ./Core/Src/main.o
 .debug_macro   0x0000155d       0x22 ./Core/Src/main.o
 .debug_macro   0x0000157f       0xfb ./Core/Src/main.o
 .debug_macro   0x0000167a     0x1305 ./Core/Src/main.o
 .debug_macro   0x0000297f      0x11f ./Core/Src/main.o
 .debug_macro   0x00002a9e       0x27 ./Core/Src/main.o
 .debug_macro   0x00002ac5    0x1e8e8 ./Core/Src/main.o
 .debug_macro   0x000213ad       0x6d ./Core/Src/main.o
 .debug_macro   0x0002141a     0x3d80 ./Core/Src/main.o
 .debug_macro   0x0002519a      0x189 ./Core/Src/main.o
 .debug_macro   0x00025323       0x61 ./Core/Src/main.o
 .debug_macro   0x00025384       0x29 ./Core/Src/main.o
 .debug_macro   0x000253ad       0x43 ./Core/Src/main.o
 .debug_macro   0x000253f0       0x34 ./Core/Src/main.o
 .debug_macro   0x00025424       0x16 ./Core/Src/main.o
 .debug_macro   0x0002543a       0x43 ./Core/Src/main.o
 .debug_macro   0x0002547d       0x34 ./Core/Src/main.o
 .debug_macro   0x000254b1       0x10 ./Core/Src/main.o
 .debug_macro   0x000254c1       0x58 ./Core/Src/main.o
 .debug_macro   0x00025519       0x8e ./Core/Src/main.o
 .debug_macro   0x000255a7       0x1c ./Core/Src/main.o
 .debug_macro   0x000255c3      0x177 ./Core/Src/main.o
 .debug_macro   0x0002573a      0x369 ./Core/Src/main.o
 .debug_macro   0x00025aa3      0x19b ./Core/Src/main.o
 .debug_macro   0x00025c3e       0x5d ./Core/Src/main.o
 .debug_macro   0x00025c9b     0x24ee ./Core/Src/main.o
 .debug_macro   0x00028189     0x103a ./Core/Src/main.o
 .debug_macro   0x000291c3      0x154 ./Core/Src/main.o
 .debug_macro   0x00029317      0x114 ./Core/Src/main.o
 .debug_macro   0x0002942b      0x3d5 ./Core/Src/main.o
 .debug_macro   0x00029800       0xac ./Core/Src/main.o
 .debug_macro   0x000298ac      0x70a ./Core/Src/main.o
 .debug_macro   0x00029fb6      0x20c ./Core/Src/main.o
 .debug_macro   0x0002a1c2       0x66 ./Core/Src/main.o
 .debug_macro   0x0002a228      0x3c9 ./Core/Src/main.o
 .debug_macro   0x0002a5f1      0x3eb ./Core/Src/main.o
 .debug_macro   0x0002a9dc      0x275 ./Core/Src/main.o
 .debug_macro   0x0002ac51      0x6c8 ./Core/Src/main.o
 .debug_macro   0x0002b319      0x520 ./Core/Src/main.o
 .debug_macro   0x0002b839       0x58 ./Core/Src/main.o
 .debug_macro   0x0002b891       0x4a ./Core/Src/main.o
 .debug_macro   0x0002b8db      0x22c ./Core/Src/main.o
 .debug_macro   0x0002bb07       0x67 ./Core/Src/main.o
 .debug_macro   0x0002bb6e       0xa5 ./Core/Src/main.o
 .debug_macro   0x0002bc13      0x1bd ./Core/Src/main.o
 .debug_macro   0x0002bdd0      0x2ab ./Core/Src/main.o
 .debug_macro   0x0002c07b       0x35 ./Core/Src/main.o
 .debug_macro   0x0002c0b0      0x693 ./Core/Src/main.o
 .debug_macro   0x0002c743       0xa6 ./Core/Src/main.o
 .debug_macro   0x0002c7e9      0x293 ./Core/Src/main.o
 .debug_macro   0x0002ca7c       0x90 ./Core/Src/main.o
 .debug_macro   0x0002cb0c      0x5be ./Core/Src/main.o
 .debug_macro   0x0002d0ca       0x10 ./Core/Src/main.o
 .debug_macro   0x0002d0da       0x1c ./Core/Src/main.o
 .debug_macro   0x0002d0f6       0x35 ./Core/Src/main.o
 .debug_macro   0x0002d12b       0x10 ./Core/Src/main.o
 .debug_macro   0x0002d13b       0x1c ./Core/Src/main.o
 .debug_macro   0x0002d157       0x16 ./Core/Src/main.o
 .debug_macro   0x0002d16d      0x146 ./Core/Src/main.o
 .debug_macro   0x0002d2b3       0x16 ./Core/Src/main.o
 .debug_macro   0x0002d2c9       0x16 ./Core/Src/main.o
 .debug_macro   0x0002d2df       0x29 ./Core/Src/main.o
 .debug_macro   0x0002d308       0x16 ./Core/Src/main.o
 .debug_macro   0x0002d31e       0x20 ./Core/Src/main.o
 .debug_macro   0x0002d33e       0x65 ./Core/Src/main.o
 .debug_macro   0x0002d3a3      0x20f ./Core/Src/main.o
 .debug_macro   0x0002d5b2      0x2c7 ./Core/Src/stm32h7xx_hal_msp.o
 .debug_macro   0x0002d879      0x2d1 ./Core/Src/stm32h7xx_it.o
 .debug_macro   0x0002db4a      0x2b8 ./Core/Src/system_stm32h7xx.o
 .debug_macro   0x0002de02      0x2e2 ./Drivers/STM32H7xx_HAL_Driver/Src/stm32h7xx_hal.o
 .debug_macro   0x0002e0e4      0x2b8 ./Drivers/STM32H7xx_HAL_Driver/Src/stm32h7xx_hal_cortex.o
 .debug_macro   0x0002e39c      0x2bf ./Drivers/STM32H7xx_HAL_Driver/Src/stm32h7xx_hal_gpio.o
 .debug_macro   0x0002e65b      0x2c4 ./Drivers/STM32H7xx_HAL_Driver/Src/stm32h7xx_hal_pcd.o
 .debug_macro   0x0002e91f      0x2b8 ./Drivers/STM32H7xx_HAL_Driver/Src/stm32h7xx_hal_pcd_ex.o
 .debug_macro   0x0002ebd7      0x2f1 ./Drivers/STM32H7xx_HAL_Driver/Src/stm32h7xx_hal_pwr_ex.o
 .debug_macro   0x0002eec8      0x2dc ./Drivers/STM32H7xx_HAL_Driver/Src/stm32h7xx_hal_rcc.o
 .debug_macro   0x0002f1a4      0x2d6 ./Drivers/STM32H7xx_HAL_Driver/Src/stm32h7xx_hal_rcc_ex.o
 .debug_macro   0x0002f47a      0x2e3 ./Drivers/STM32H7xx_HAL_Driver/Src/stm32h7xx_hal_uart.o
 .debug_macro   0x0002f75d      0x2c4 ./Drivers/STM32H7xx_HAL_Driver/Src/stm32h7xx_hal_uart_ex.o
 .debug_macro   0x0002fa21      0x2b8 ./Drivers/STM32H7xx_HAL_Driver/Src/stm32h7xx_ll_usb.o
 .debug_macro   0x0002fcd9      0x3be ./Middlewares/ST/STM32_USB_Device_Library/Class/CDC/Src/usbd_cdc.o
 .debug_macro   0x00030097       0x16 ./Middlewares/ST/STM32_USB_Device_Library/Class/CDC/Src/usbd_cdc.o
 .debug_macro   0x000300ad       0x9e ./Middlewares/ST/STM32_USB_Device_Library/Class/CDC/Src/usbd_cdc.o
 .debug_macro   0x0003014b      0x10b ./Middlewares/ST/STM32_USB_Device_Library/Class/CDC/Src/usbd_cdc.o
 .debug_macro   0x00030256       0x16 ./Middlewares/ST/STM32_USB_Device_Library/Class/CDC/Src/usbd_cdc.o
 .debug_macro   0x0003026c       0x95 ./Middlewares/ST/STM32_USB_Device_Library/Class/CDC/Src/usbd_cdc.o
 .debug_macro   0x00030301      0x3a5 ./Middlewares/ST/STM32_USB_Device_Library/Core/Src/usbd_core.o
 .debug_macro   0x000306a6      0x215 ./Middlewares/ST/STM32_USB_Device_Library/Core/Src/usbd_core.o
 .debug_macro   0x000308bb      0x3af ./Middlewares/ST/STM32_USB_Device_Library/Core/Src/usbd_ctlreq.o
 .debug_macro   0x00030c6a      0x3ab ./Middlewares/ST/STM32_USB_Device_Library/Core/Src/usbd_ioreq.o
 .debug_macro   0x00031015      0x3d2 ./USB_DEVICE/App/usb_device.o
 .debug_macro   0x000313e7       0x16 ./USB_DEVICE/App/usb_device.o
 .debug_macro   0x000313fd       0x22 ./USB_DEVICE/App/usb_device.o
 .debug_macro   0x0003141f       0x16 ./USB_DEVICE/App/usb_device.o
 .debug_macro   0x00031435      0x3c9 ./USB_DEVICE/App/usbd_cdc_if.o
 .debug_macro   0x000317fe       0x10 ./USB_DEVICE/App/usbd_cdc_if.o
 .debug_macro   0x0003180e      0x3e8 ./USB_DEVICE/App/usbd_desc.o
 .debug_macro   0x00031bf6       0x1c ./USB_DEVICE/App/usbd_desc.o
 .debug_macro   0x00031c12      0x3b6 ./USB_DEVICE/Target/usbd_conf.o

.debug_line     0x00000000    0x19253
 .debug_line    0x00000000      0xbd0 ./Core/Src/main.o
 .debug_line    0x00000bd0      0x9a0 ./Core/Src/stm32h7xx_hal_msp.o
 .debug_line    0x00001570      0xa00 ./Core/Src/stm32h7xx_it.o
 .debug_line    0x00001f70      0xaab ./Core/Src/system_stm32h7xx.o
 .debug_line    0x00002a1b       0x7a ./Core/Startup/startup_stm32h7a3ritx.o
 .debug_line    0x00002a95      0xeb8 ./Drivers/STM32H7xx_HAL_Driver/Src/stm32h7xx_hal.o
 .debug_line    0x0000394d      0xeda ./Drivers/STM32H7xx_HAL_Driver/Src/stm32h7xx_hal_cortex.o
 .debug_line    0x00004827      0xd83 ./Drivers/STM32H7xx_HAL_Driver/Src/stm32h7xx_hal_gpio.o
 .debug_line    0x000055aa     0x16c6 ./Drivers/STM32H7xx_HAL_Driver/Src/stm32h7xx_hal_pcd.o
 .debug_line    0x00006c70      0xb08 ./Drivers/STM32H7xx_HAL_Driver/Src/stm32h7xx_hal_pcd_ex.o
 .debug_line    0x00007778     0x1017 ./Drivers/STM32H7xx_HAL_Driver/Src/stm32h7xx_hal_pwr_ex.o
 .debug_line    0x0000878f     0x1406 ./Drivers/STM32H7xx_HAL_Driver/Src/stm32h7xx_hal_rcc.o
 .debug_line    0x00009b95     0x1c9f ./Drivers/STM32H7xx_HAL_Driver/Src/stm32h7xx_hal_rcc_ex.o
 .debug_line    0x0000b834     0x3f98 ./Drivers/STM32H7xx_HAL_Driver/Src/stm32h7xx_hal_uart.o
 .debug_line    0x0000f7cc      0xf49 ./Drivers/STM32H7xx_HAL_Driver/Src/stm32h7xx_hal_uart_ex.o
 .debug_line    0x00010715     0x1f8c ./Drivers/STM32H7xx_HAL_Driver/Src/stm32h7xx_ll_usb.o
 .debug_line    0x000126a1      0xf4f ./Middlewares/ST/STM32_USB_Device_Library/Class/CDC/Src/usbd_cdc.o
 .debug_line    0x000135f0      0xfc9 ./Middlewares/ST/STM32_USB_Device_Library/Core/Src/usbd_core.o
 .debug_line    0x000145b9     0x11f6 ./Middlewares/ST/STM32_USB_Device_Library/Core/Src/usbd_ctlreq.o
 .debug_line    0x000157af      0xae3 ./Middlewares/ST/STM32_USB_Device_Library/Core/Src/usbd_ioreq.o
 .debug_line    0x00016292      0xaa2 ./USB_DEVICE/App/usb_device.o
 .debug_line    0x00016d34      0xb02 ./USB_DEVICE/App/usbd_cdc_if.o
 .debug_line    0x00017836      0xb83 ./USB_DEVICE/App/usbd_desc.o
 .debug_line    0x000183b9      0xe9a ./USB_DEVICE/Target/usbd_conf.o

.debug_str      0x00000000   0x1366dc
 .debug_str     0x00000000   0x130aa3 ./Core/Src/main.o
                             0x131033 (size before relaxing)
 .debug_str     0x00130aa3      0xa66 ./Core/Src/stm32h7xx_hal_msp.o
                             0x130573 (size before relaxing)
 .debug_str     0x00131509      0x4d3 ./Core/Src/stm32h7xx_it.o
                             0x12f663 (size before relaxing)
 .debug_str     0x001319dc      0x30e ./Core/Src/system_stm32h7xx.o
                             0x12f64f (size before relaxing)
 .debug_str     0x00131cea       0x44 ./Core/Startup/startup_stm32h7a3ritx.o
                                 0x92 (size before relaxing)
 .debug_str     0x00131d2e      0x7ed ./Drivers/STM32H7xx_HAL_Driver/Src/stm32h7xx_hal.o
                             0x130523 (size before relaxing)
 .debug_str     0x0013251b      0x2cd ./Drivers/STM32H7xx_HAL_Driver/Src/stm32h7xx_hal_cortex.o
                             0x12ff6b (size before relaxing)
 .debug_str     0x001327e8       0xd9 ./Drivers/STM32H7xx_HAL_Driver/Src/stm32h7xx_hal_gpio.o
                             0x12f600 (size before relaxing)
 .debug_str     0x001328c1      0x83a ./Drivers/STM32H7xx_HAL_Driver/Src/stm32h7xx_hal_pcd.o
                             0x12fdc6 (size before relaxing)
 .debug_str     0x001330fb      0x174 ./Drivers/STM32H7xx_HAL_Driver/Src/stm32h7xx_hal_pcd_ex.o
                             0x12f764 (size before relaxing)
 .debug_str     0x0013326f      0x756 ./Drivers/STM32H7xx_HAL_Driver/Src/stm32h7xx_hal_pwr_ex.o
                             0x12fb85 (size before relaxing)
 .debug_str     0x001339c5      0x21a ./Drivers/STM32H7xx_HAL_Driver/Src/stm32h7xx_hal_rcc.o
                             0x12fa28 (size before relaxing)
 .debug_str     0x00133bdf      0x5b1 ./Drivers/STM32H7xx_HAL_Driver/Src/stm32h7xx_hal_rcc_ex.o
                             0x12febd (size before relaxing)
 .debug_str     0x00134190      0xa68 ./Drivers/STM32H7xx_HAL_Driver/Src/stm32h7xx_hal_uart.o
                             0x130558 (size before relaxing)
 .debug_str     0x00134bf8      0x26d ./Drivers/STM32H7xx_HAL_Driver/Src/stm32h7xx_hal_uart_ex.o
                             0x12faf7 (size before relaxing)
 .debug_str     0x00134e65      0x4b0 ./Drivers/STM32H7xx_HAL_Driver/Src/stm32h7xx_ll_usb.o
                             0x12fcc0 (size before relaxing)
 .debug_str     0x00135315      0xa37 ./Middlewares/ST/STM32_USB_Device_Library/Class/CDC/Src/usbd_cdc.o
                             0x131235 (size before relaxing)
 .debug_str     0x00135d4c      0x35c ./Middlewares/ST/STM32_USB_Device_Library/Core/Src/usbd_core.o
                             0x130b43 (size before relaxing)
 .debug_str     0x001360a8      0x139 ./Middlewares/ST/STM32_USB_Device_Library/Core/Src/usbd_ctlreq.o
                             0x13096e (size before relaxing)
 .debug_str     0x001361e1       0x51 ./Middlewares/ST/STM32_USB_Device_Library/Core/Src/usbd_ioreq.o
                             0x130843 (size before relaxing)
 .debug_str     0x00136232      0x105 ./USB_DEVICE/App/usb_device.o
                             0x130c19 (size before relaxing)
 .debug_str     0x00136337       0x9a ./USB_DEVICE/App/usbd_cdc_if.o
                             0x130c36 (size before relaxing)
 .debug_str     0x001363d1      0x298 ./USB_DEVICE/App/usbd_desc.o
                             0x13076d (size before relaxing)
 .debug_str     0x00136669       0x73 ./USB_DEVICE/Target/usbd_conf.o
                             0x1322fa (size before relaxing)

.comment        0x00000000       0x43
 .comment       0x00000000       0x43 ./Core/Src/main.o
                                 0x44 (size before relaxing)
 .comment       0x00000043       0x44 ./Core/Src/stm32h7xx_hal_msp.o
 .comment       0x00000043       0x44 ./Core/Src/stm32h7xx_it.o
 .comment       0x00000043       0x44 ./Core/Src/system_stm32h7xx.o
 .comment       0x00000043       0x44 ./Drivers/STM32H7xx_HAL_Driver/Src/stm32h7xx_hal.o
 .comment       0x00000043       0x44 ./Drivers/STM32H7xx_HAL_Driver/Src/stm32h7xx_hal_cortex.o
 .comment       0x00000043       0x44 ./Drivers/STM32H7xx_HAL_Driver/Src/stm32h7xx_hal_gpio.o
 .comment       0x00000043       0x44 ./Drivers/STM32H7xx_HAL_Driver/Src/stm32h7xx_hal_pcd.o
 .comment       0x00000043       0x44 ./Drivers/STM32H7xx_HAL_Driver/Src/stm32h7xx_hal_pcd_ex.o
 .comment       0x00000043       0x44 ./Drivers/STM32H7xx_HAL_Driver/Src/stm32h7xx_hal_pwr_ex.o
 .comment       0x00000043       0x44 ./Drivers/STM32H7xx_HAL_Driver/Src/stm32h7xx_hal_rcc.o
 .comment       0x00000043       0x44 ./Drivers/STM32H7xx_HAL_Driver/Src/stm32h7xx_hal_rcc_ex.o
 .comment       0x00000043       0x44 ./Drivers/STM32H7xx_HAL_Driver/Src/stm32h7xx_hal_uart.o
 .comment       0x00000043       0x44 ./Drivers/STM32H7xx_HAL_Driver/Src/stm32h7xx_hal_uart_ex.o
 .comment       0x00000043       0x44 ./Drivers/STM32H7xx_HAL_Driver/Src/stm32h7xx_ll_usb.o
 .comment       0x00000043       0x44 ./Middlewares/ST/STM32_USB_Device_Library/Class/CDC/Src/usbd_cdc.o
 .comment       0x00000043       0x44 ./Middlewares/ST/STM32_USB_Device_Library/Core/Src/usbd_core.o
 .comment       0x00000043       0x44 ./Middlewares/ST/STM32_USB_Device_Library/Core/Src/usbd_ctlreq.o
 .comment       0x00000043       0x44 ./Middlewares/ST/STM32_USB_Device_Library/Core/Src/usbd_ioreq.o
 .comment       0x00000043       0x44 ./USB_DEVICE/App/usb_device.o